[Licensing::Module] Trying to connect to existing licensing client channel...
[Licensing::IpcConnector] Successfully connected to: "LicenseClient-user" at "2026-09-09T07:53:55.9243451Z"
Built from '6000.3/staging' branch; Version is '6000.3.23f1 (09d2ecc7fb28) revision 643820'; Using compiler version '194234433'; Build Type 'Release'
OS: 'Windows 11  (10.0.26100) Education' Language: 'ko' Physical Memory: 32558 MB
BatchMode: 1, IsHumanControllingUs: 0, StartBugReporterOnCrash: 0, Is64bit: 1
System  architecture: x64
Process architecture: x64
Date: 2026-09-09T07:53:55Z
[Licensing::Client] Code 10 while verifying Licensing Client signature (process Id: 10088, path: "C:/Program Files/Unity Hub/UnityLicensingClient_V1/Unity.Licensing.Client.exe")
[Licensing::Module] LicensingClient has failed validation; ignoring
[Licensing::Client] Handshaking with LicensingClient:
  Version:                 1.18.3+d7ffd15
  Session Id:              ca59e1ecd58e4d318ca4d2b62a093312
  Correlation Id:          03aa8b4b73587a3436b93b46c80135ad
  External correlation Id: 6077752948022061893
  Machine Id:              K3dYn2Fda39M2JbW8OtzpBnWOXA=
[Licensing::Module] Successfully connected to LicensingClient on channel: "LicenseClient-user" (connect: 0.00s, validation: 0.00s, handshake: 0.07s)
[Licensing::IpcConnector] Successfully connected to: "LicenseClient-user-notifications" at "2026-09-09T07:53:55.9924213Z"
[Licensing::Module] Licensing Background thread has ended after 0.07s

COMMAND LINE ARGUMENTS:
C:\Program Files\Unity\Hub\Editor\6000.3.23f1\Editor\Unity.exe
-adb2
-batchMode
-noUpm
-name
AssetImportWorker2
-projectPath
C:/Users/user/WebGL_project
-logFile
Logs/AssetImportWorker2.log
-srvPort
58091
-parentPid
18112
-analyticsCloudUserId
14569123906803
-analyticsLocalProjectId
2844c92b024d89642a29c8f1fe6d618c
-editorAnalyticsEnabled
1
-cbmEditorLicense
f44254efa550aa990cf363b8274da0804c49f706
-cbmMachineId
K3dYn2Fda39M2JbW8OtzpBnWOXA=
-licensingIpc
LicenseClient-user
-job-worker-count
7
-background-job-worker-count
8
-gc-helper-count
1
-name
AssetImport
Successfully changed project path to: C:/Users/user/WebGL_project
C:/Users/user/WebGL_project
[UnityMemory] Configuration Parameters - Can be set up in boot.config
    "memorysetup-temp-allocator-size-nav-mesh-worker=65536"
    "memorysetup-temp-allocator-size-audio-worker=65536"
    "memorysetup-temp-allocator-size-gfx=262144"
    "memorysetup-allocator-temp-initial-block-size-main=262144"
    "memorysetup-allocator-temp-initial-block-size-worker=262144"
    "memorysetup-temp-allocator-size-background-worker=32768"
    "memorysetup-temp-allocator-size-job-worker=262144"
    "memorysetup-temp-allocator-size-preload-manager=33554432"
    "memorysetup-remapper-allocator-initial-capacity=32768"
    "memorysetup-temp-allocator-size-gi-baking-worker=262144"
    "memorysetup-temp-allocator-size-gi-baking-worker=262144"
    "memorysetup-temp-allocator-size-gi-baking-worker=262144"
    "memorysetup-temp-allocator-size-gi-baking-worker=262144"
    "memorysetup-temp-allocator-size-gi-baking-worker=262144"
    "memorysetup-bucket-allocator-granularity=16"
    "memorysetup-bucket-allocator-bucket-count=8"
    "memorysetup-bucket-allocator-block-size=33554432"
    "memorysetup-bucket-allocator-block-count=8"
    "memorysetup-main-allocator-block-size=16777216"
    "memorysetup-thread-allocator-block-size=16777216"
    "memorysetup-gfx-main-allocator-block-size=16777216"
    "memorysetup-gfx-thread-allocator-block-size=16777216"
    "memorysetup-cache-allocator-block-size=4194304"
    "memorysetup-typetree-allocator-block-size=2097152"
    "memorysetup-profiler-bucket-allocator-granularity=16"
    "memorysetup-profiler-bucket-allocator-bucket-count=8"
    "memorysetup-profiler-bucket-allocator-block-size=33554432"
    "memorysetup-profiler-bucket-allocator-block-count=8"
    "memorysetup-profiler-allocator-block-size=16777216"
    "memorysetup-profiler-editor-allocator-block-size=1048576"
    "memorysetup-temp-allocator-size-main=16777216"
    "memorysetup-job-temp-allocator-block-size=2097152"
    "memorysetup-job-temp-allocator-block-size-background=1048576"
    "memorysetup-job-temp-allocator-reduction-small-platforms=262144"
    "memorysetup-temp-allocator-size-cloud-worker=32768"
Player connection [16048]  Target information:

Player connection [16048]  * "[IP] 172.16.4.200 [Port] 0 [Flags] 2 [Guid] 1731034094 [EditorId] 1731034094 [Version] 1048832 [Id] WindowsEditor(7,DESKTOP-GM9IPGM) [Debug] 1 [PackageName] WindowsEditor [ProjectName] Editor" 

Player connection [16048] Host joined multi-casting on [225.0.0.222:54997]...
Player connection [16048] Host joined alternative multi-casting on [225.0.0.222:34997]...
JobSystem: Creating JobQueue using job-worker-count value 7
Input System module state changed to: Initialized.
[Physics::Module] Initialized fallback backend.
[Physics::Module] Id: 0xdecafbad
Library Redirect Path: Library/
[Physics::Module] Selected backend.
[Physics::Module] Name: PhysX
[Physics::Module] Id: 0xf2b8ea05
[Physics::Module] SDK Version: 4.1.2
[Physics::Module] Integration Version: 1.0.0
[Physics::Module] Threading Mode: Multi-Threaded
Refreshing native plugins compatible for Editor in 8.51 ms, found 5 plugins.
Preloading 0 native plugins for Editor in 0.00 ms.
Initialize engine version: 6000.3.23f1 (09d2ecc7fb28)
[Subsystems] Discovering subsystems at path C:/Program Files/Unity/Hub/Editor/6000.3.23f1/Editor/Data/Resources/UnitySubsystems
[Subsystems] Discovering subsystems at path C:/Users/user/WebGL_project/Assets
GfxDevice: creating device client; kGfxThreadingModeNonThreaded
d3d12: failed to query info queue interface (0x80004002).
Direct3D:
    Version:         Direct3D 12 [level 12.2]
    Renderer:        NVIDIA GeForce RTX 2080 (ID=0x1e82)
    Vendor:          NVIDIA
    VRAM:            7989 MB
    App VRAM Budget: 7221 MB
    Driver:          32.0.15.9595
Initialize mono
Mono path[0] = 'C:/Program Files/Unity/Hub/Editor/6000.3.23f1/Editor/Data/Managed'
Mono path[1] = 'C:/Program Files/Unity/Hub/Editor/6000.3.23f1/Editor/Data/MonoBleedingEdge/lib/mono/unityjit-win32'
Mono config path = 'C:/Program Files/Unity/Hub/Editor/6000.3.23f1/Editor/Data/MonoBleedingEdge/etc'
Using monoOptions --debugger-agent=transport=dt_socket,embedding=1,server=y,suspend=n,address=127.0.0.1:56240
Begin MonoManager ReloadAssembly
Registering precompiled unity dll's ...
Register platform support module: C:/Program Files/Unity/Hub/Editor/6000.3.23f1/Editor/Data/PlaybackEngines/WebGLSupport/UnityEditor.WebGL.Extensions.dll
Register platform support module: C:/Program Files/Unity/Hub/Editor/6000.3.23f1/Editor/Data/PlaybackEngines/WindowsStandaloneSupport/UnityEditor.WindowsStandalone.Extensions.dll
Registered in 0.006784 seconds.
- Loaded All Assemblies, in  0.614 seconds
Native extension for WindowsStandalone target not found
Native extension for WebGL target not found
Package Manager log level set to [2]
[Package Manager] Failed to launch server process. Reason: Unity was launched with the -noUpm command-line argument
[Package Manager] Unable to send message (not connected to server process).
[Package Manager] Cannot connect to Unity Package Manager local server
ScheduleIndexationOnStartup MainProcess:False IndexOnStartup:True
Mono: successfully reloaded assembly
- Finished resetting the current domain, in  0.494 seconds
Domain Reload Profiling: 1101ms
	BeginReloadAssembly (210ms)
		ExecutionOrderSort (0ms)
		DisableScriptedObjects (0ms)
		BackupInstance (0ms)
		ReleaseScriptingObjects (0ms)
		CreateAndSetChildDomain (1ms)
	RebuildCommonClasses (51ms)
	RebuildNativeTypeToScriptingClass (16ms)
	initialDomainReloadingComplete (71ms)
	LoadAllAssembliesAndSetupDomain (258ms)
		LoadAssemblies (201ms)
		RebuildTransferFunctionScriptingTraits (0ms)
		AnalyzeDomain (252ms)
			TypeCache.Refresh (250ms)
				TypeCache.ScanAssembly (228ms)
			BuildScriptInfoCaches (0ms)
			ResolveRequiredComponents (1ms)
	FinalizeReload (495ms)
		ReleaseScriptCaches (0ms)
		RebuildScriptCaches (0ms)
		SetupLoadedEditorAssemblies (448ms)
			LogAssemblyErrors (0ms)
			InitializePlatformSupportModulesInManaged (66ms)
			SetLoadedEditorAssemblies (6ms)
			BeforeProcessingInitializeOnLoad (120ms)
			ProcessInitializeOnLoadAttributes (174ms)
			ProcessInitializeOnLoadMethodAttributes (82ms)
			AfterProcessingInitializeOnLoad (0ms)
			EditorAssembliesLoaded (0ms)
		ExecutionOrderSort2 (0ms)
		AwakeInstancesAfterBackupRestoration (0ms)
[Licensing::Client] Successfully resolved entitlement details
[Licensing::Module] License group:
  Id: 14569123906803-UnityPersXXXX
  Product: Unity Personal
  Type: Assigned
  Expiration: Unlimited
========================================================================
Worker process is ready to serve import requests
Import Worker Mode flag is 0x00
Begin MonoManager ReloadAssembly
- Loaded All Assemblies, in  1.235 seconds
Refreshing native plugins compatible for Editor in 4.97 ms, found 5 plugins.
Native extension for WindowsStandalone target not found
Native extension for WebGL target not found
[Package Manager] Failed to launch server process. Reason: Unity was launched with the -noUpm command-line argument
[Package Manager] Unable to send message (not connected to server process).
[Package Manager] Cannot connect to Unity Package Manager local server
Refreshing native plugins compatible for Editor in 6.79 ms, found 5 plugins.
[Package Manager] Failed to launch server process. Reason: Unity was launched with the -noUpm command-line argument
[Package Manager] Unable to send message (not connected to server process).
[Package Manager] Cannot connect to Unity Package Manager local server
ScheduleIndexationOnStartup MainProcess:False IndexOnStartup:True
Mono: successfully reloaded assembly
- Finished resetting the current domain, in  1.050 seconds
Domain Reload Profiling: 2270ms
	BeginReloadAssembly (260ms)
		ExecutionOrderSort (0ms)
		DisableScriptedObjects (6ms)
		BackupInstance (0ms)
		ReleaseScriptingObjects (0ms)
		CreateAndSetChildDomain (30ms)
	RebuildCommonClasses (48ms)
	RebuildNativeTypeToScriptingClass (15ms)
	initialDomainReloadingComplete (59ms)
	LoadAllAssembliesAndSetupDomain (837ms)
		LoadAssemblies (629ms)
		RebuildTransferFunctionScriptingTraits (0ms)
		AnalyzeDomain (379ms)
			TypeCache.Refresh (270ms)
				TypeCache.ScanAssembly (250ms)
			BuildScriptInfoCaches (93ms)
			ResolveRequiredComponents (10ms)
	FinalizeReload (1050ms)
		ReleaseScriptCaches (0ms)
		RebuildScriptCaches (0ms)
		SetupLoadedEditorAssemblies (855ms)
			LogAssemblyErrors (0ms)
			InitializePlatformSupportModulesInManaged (3ms)
			SetLoadedEditorAssemblies (7ms)
			BeforeProcessingInitializeOnLoad (212ms)
			ProcessInitializeOnLoadAttributes (464ms)
			ProcessInitializeOnLoadMethodAttributes (157ms)
			AfterProcessingInitializeOnLoad (13ms)
			EditorAssembliesLoaded (0ms)
		ExecutionOrderSort2 (0ms)
		AwakeInstancesAfterBackupRestoration (9ms)
Launched and connected shader compiler UnityShaderCompiler.exe after 0.02 seconds
Refreshing native plugins compatible for Editor in 4.90 ms, found 5 plugins.
Preloading 0 native plugins for Editor in 0.00 ms.
Unloading 36 Unused Serialized files (Serialized files now loaded: 0)
Curl error 3: URL rejected: Malformed input to a URL function
Unloading 7429 unused Assets / (8.9 MB). Loaded Objects now: 8220.
Memory consumption went from 176.0 MB to 167.0 MB.
Total: 14.677200 ms (FindLiveObjects: 1.087500 ms CreateObjectMapping: 1.700200 ms MarkObjects: 6.483900 ms  DeleteObjects: 5.404400 ms)

========================================================================
Received Import Request.
  Time since last request: 12266.656709 seconds.
  path: Assets/WebGLTemplates/shingu/TemplateData/progress-bar-full-light.png
  artifactKey: Guid(18777257acd267940b1b6974cef9cb3f) Importer(2089858483,b0f066a214c2f5e87bad3c948f4d605d)
Start importing Assets/WebGLTemplates/shingu/TemplateData/progress-bar-full-light.png using Guid(18777257acd267940b1b6974cef9cb3f) Importer(2089858483,b0f066a214c2f5e87bad3c948f4d605d) (ScriptedImporter) -> (artifact id: 'aae821da08eac0056bd25ba131e59d73') in 0.0799887 seconds
Number of updated asset objects reloaded before import = 0Number of asset objects unloaded after import = 1

========================================================================
Received Import Request.
  Time since last request: 0.000016 seconds.
  path: Assets/WebGLTemplates/shingu/TemplateData/favicon.ico
  artifactKey: Guid(13cc7d70d508c2b49b0e40d166b5b97c) Importer(2089858483,b0f066a214c2f5e87bad3c948f4d605d)
Start importing Assets/WebGLTemplates/shingu/TemplateData/favicon.ico using Guid(13cc7d70d508c2b49b0e40d166b5b97c) Importer(2089858483,b0f066a214c2f5e87bad3c948f4d605d) (ScriptedImporter) -> (artifact id: '2e7c00ab1077ba37aa3e1ec9614cce82') in 0.009964 seconds
Number of updated asset objects reloaded before import = 0Number of asset objects unloaded after import = 1

========================================================================
Received Import Request.
  Time since last request: 0.000016 seconds.
  path: Assets/WebGLTemplates/shingu/TemplateData
  artifactKey: Guid(228cd4bbc6d35e346b430dbe23adee8d) Importer(2089858483,b0f066a214c2f5e87bad3c948f4d605d)
Start importing Assets/WebGLTemplates/shingu/TemplateData using Guid(228cd4bbc6d35e346b430dbe23adee8d) Importer(2089858483,b0f066a214c2f5e87bad3c948f4d605d) (ScriptedImporter) -> (artifact id: 'a85003fdd5d7abd9bd6b8692b1b8a47e') in 0.0049841 seconds
Number of updated asset objects reloaded before import = 0Number of asset objects unloaded after import = 1

========================================================================
Received Import Request.
  Time since last request: 0.000023 seconds.
  path: Assets/WebGLTemplates/shingu/TemplateData/progress-bar-empty-dark.png
  artifactKey: Guid(1286a9f7386b09b4ca1fc703c04b354b) Importer(2089858483,b0f066a214c2f5e87bad3c948f4d605d)
Start importing Assets/WebGLTemplates/shingu/TemplateData/progress-bar-empty-dark.png using Guid(1286a9f7386b09b4ca1fc703c04b354b) Importer(2089858483,b0f066a214c2f5e87bad3c948f4d605d) (ScriptedImporter) -> (artifact id: '098b6531724a03ed81c8b0263d7d4262') in 0.00539 seconds
Curl error 23: Failure writing output to destination, passed 293 returned 0
Number of updated asset objects reloaded before import = 0Number of asset objects unloaded after import = 1

========================================================================
Received Import Request.
  Time since last request: 38.731709 seconds.
  path: Assets/WebGLTemplates/shingu
  artifactKey: Guid(29091955daac956468c0c15697113e3e) Importer(815301076,1909f56bfc062723c751e8b465ee728b)
Start importing Assets/WebGLTemplates/shingu using Guid(29091955daac956468c0c15697113e3e) Importer(815301076,1909f56bfc062723c751e8b465ee728b) (PreviewImporter) -> (artifact id: '2b02fc953d492be5d9762786f894ad62') in 0.0006759 seconds
Number of updated asset objects reloaded before import = 0Number of asset objects unloaded after import = 0

========================================================================
Received Import Request.
  Time since last request: 1.681391 seconds.
  path: Assets/WebGLTemplates/shingu/index.html
  artifactKey: Guid(627273494f0e73b40b23c2294c048b15) Importer(815301076,1909f56bfc062723c751e8b465ee728b)
Start importing Assets/WebGLTemplates/shingu/index.html using Guid(627273494f0e73b40b23c2294c048b15) Importer(815301076,1909f56bfc062723c751e8b465ee728b) (PreviewImporter) -> (artifact id: 'edace824ef0b186ff84bd3ecd62e7d32') in 0.0199788 seconds
Number of updated asset objects reloaded before import = 0Number of asset objects unloaded after import = 1

========================================================================
Received Prepare
Refreshing native plugins compatible for Editor in 5.94 ms, found 5 plugins.
Preloading 0 native plugins for Editor in 0.00 ms.
Unloading 35 Unused Serialized files (Serialized files now loaded: 0)
Unloading 35 unused Assets / (2.9 MB). Loaded Objects now: 8223.
Memory consumption went from 168.2 MB to 165.3 MB.
Total: 8.247400 ms (FindLiveObjects: 0.480300 ms CreateObjectMapping: 0.429700 ms MarkObjects: 6.398600 ms  DeleteObjects: 0.937600 ms)

Prepare: number of updated asset objects reloaded= 0
========================================================================
Received Import Request.
  Time since last request: 5.448874 seconds.
  path: Assets/WebGLTemplates/shingu/thumbnail.png
  artifactKey: Guid(e46458c15fa3a034abc42a845fbfc390) Importer(815301076,1909f56bfc062723c751e8b465ee728b)
Start importing Assets/WebGLTemplates/shingu/thumbnail.png using Guid(e46458c15fa3a034abc42a845fbfc390) Importer(815301076,1909f56bfc062723c751e8b465ee728b) (PreviewImporter) -> (artifact id: '5b2c446b485455e5204235ddae97ba0a') in 0.0018929 seconds
Number of updated asset objects reloaded before import = 0Number of asset objects unloaded after import = 1

========================================================================
Received Import Request.
  Time since last request: 190.640446 seconds.
  path: Assets/WebGLTemplates/shingu/TemplateData
  artifactKey: Guid(228cd4bbc6d35e346b430dbe23adee8d) Importer(815301076,1909f56bfc062723c751e8b465ee728b)
Start importing Assets/WebGLTemplates/shingu/TemplateData using Guid(228cd4bbc6d35e346b430dbe23adee8d) Importer(815301076,1909f56bfc062723c751e8b465ee728b) (PreviewImporter) -> (artifact id: '849a25b4070d46406e85a3860cce698c') in 0.0006873 seconds
Number of updated asset objects reloaded before import = 0Number of asset objects unloaded after import = 0

========================================================================
Received Import Request.
  Time since last request: 17.048369 seconds.
  path: Assets/WebGLTemplates/shingu/TemplateData/unity-logo-title-footer.png
  artifactKey: Guid(bec50f0dcaccf7b4199df69fec8c1e22) Importer(815301076,1909f56bfc062723c751e8b465ee728b)
Start importing Assets/WebGLTemplates/shingu/TemplateData/unity-logo-title-footer.png using Guid(bec50f0dcaccf7b4199df69fec8c1e22) Importer(815301076,1909f56bfc062723c751e8b465ee728b) (PreviewImporter) -> (artifact id: 'e318b8d35c3854daaedd3886655b02b1') in 0.001356 seconds
Number of updated asset objects reloaded before import = 0Number of asset objects unloaded after import = 1

========================================================================
Received Import Request.
  Time since last request: 66.586955 seconds.
  path: Assets/WebGLTemplates/shingu/TemplateData/unity-logo-title-footer.png
  artifactKey: Guid(bec50f0dcaccf7b4199df69fec8c1e22) Importer(815301076,1909f56bfc062723c751e8b465ee728b)
Start importing Assets/WebGLTemplates/shingu/TemplateData/unity-logo-title-footer.png using Guid(bec50f0dcaccf7b4199df69fec8c1e22) Importer(815301076,1909f56bfc062723c751e8b465ee728b) (PreviewImporter) -> (artifact id: '4f3bde14e7dc09296566028c536ebe93') in 0.0015671 seconds
Number of updated asset objects reloaded before import = 0Number of asset objects unloaded after import = 1

========================================================================
Received Import Request.
  Time since last request: 0.906231 seconds.
  path: Assets/WebGLTemplates/shingu/TemplateData/unity-logo-title-footer.png
  artifactKey: Guid(bec50f0dcaccf7b4199df69fec8c1e22) Importer(2089858483,b0f066a214c2f5e87bad3c948f4d605d)
Start importing Assets/WebGLTemplates/shingu/TemplateData/unity-logo-title-footer.png using Guid(bec50f0dcaccf7b4199df69fec8c1e22) Importer(2089858483,b0f066a214c2f5e87bad3c948f4d605d) (ScriptedImporter) -> (artifact id: 'fd45a50304a7d8b81586f774b385dcdf') in 0.0066277 seconds
Number of updated asset objects reloaded before import = 0Number of asset objects unloaded after import = 1

========================================================================
Received Import Request.
  Time since last request: 8.109618 seconds.
  path: Assets/WebGLTemplates/shingu/TemplateData/webmemd-icon.png
  artifactKey: Guid(b32ac1a289a558c47a0b04e10d51a8d8) Importer(815301076,1909f56bfc062723c751e8b465ee728b)
Start importing Assets/WebGLTemplates/shingu/TemplateData/webmemd-icon.png using Guid(b32ac1a289a558c47a0b04e10d51a8d8) Importer(815301076,1909f56bfc062723c751e8b465ee728b) (PreviewImporter) -> (artifact id: '1c4601835559ed7fe7bb1002e20662f5') in 0.0011438 seconds
Number of updated asset objects reloaded before import = 0Number of asset objects unloaded after import = 1

========================================================================
Received Import Request.
  Time since last request: 5.172739 seconds.
  path: Assets/WebGLTemplates/shingu/TemplateData/unity-logo-dark.png
  artifactKey: Guid(4feb2568f6f450e4093c8b7f5a025523) Importer(815301076,1909f56bfc062723c751e8b465ee728b)
Start importing Assets/WebGLTemplates/shingu/TemplateData/unity-logo-dark.png using Guid(4feb2568f6f450e4093c8b7f5a025523) Importer(815301076,1909f56bfc062723c751e8b465ee728b) (PreviewImporter) -> (artifact id: '832a6d89167135e933de1bbe84be6a52') in 0.0010348 seconds
Number of updated asset objects reloaded before import = 0Number of asset objects unloaded after import = 1

========================================================================
Received Import Request.
  Time since last request: 129.992590 seconds.
  path: Assets/WebGLTemplates/shingu/TemplateData/unity-logo-dark.png
  artifactKey: Guid(4feb2568f6f450e4093c8b7f5a025523) Importer(815301076,1909f56bfc062723c751e8b465ee728b)
Start importing Assets/WebGLTemplates/shingu/TemplateData/unity-logo-dark.png using Guid(4feb2568f6f450e4093c8b7f5a025523) Importer(815301076,1909f56bfc062723c751e8b465ee728b) (PreviewImporter) -> (artifact id: '6ec0d1ed9b8d42a3ecacab8ebe6377de') in 0.0011678 seconds
Number of updated asset objects reloaded before import = 0Number of asset objects unloaded after import = 1

========================================================================
Received Import Request.
  Time since last request: 0.906566 seconds.
  path: Assets/WebGLTemplates/shingu/TemplateData/unity-logo-dark.png
  artifactKey: Guid(4feb2568f6f450e4093c8b7f5a025523) Importer(2089858483,b0f066a214c2f5e87bad3c948f4d605d)
Start importing Assets/WebGLTemplates/shingu/TemplateData/unity-logo-dark.png using Guid(4feb2568f6f450e4093c8b7f5a025523) Importer(2089858483,b0f066a214c2f5e87bad3c948f4d605d) (ScriptedImporter) -> (artifact id: '3dec7a599f6a6b043dfd47988dc1a20d') in 0.0065628 seconds
Number of updated asset objects reloaded before import = 0Number of asset objects unloaded after import = 1

========================================================================
Received Import Request.
  Time since last request: 465.387412 seconds.
  path: Assets/WebGLTemplates/shingu/TemplateData/unity-logo-dark.png.png
  artifactKey: Guid(7d25e74501b5d204ea6ff89905a75e40) Importer(2089858483,b0f066a214c2f5e87bad3c948f4d605d)
Start importing Assets/WebGLTemplates/shingu/TemplateData/unity-logo-dark.png.png using Guid(7d25e74501b5d204ea6ff89905a75e40) Importer(2089858483,b0f066a214c2f5e87bad3c948f4d605d) (ScriptedImporter) -> (artifact id: 'e40a53f327853e90f2ba940cd6d8b065') in 0.0069266 seconds
Number of updated asset objects reloaded before import = 0Number of asset objects unloaded after import = 1

========================================================================
Received Import Request.
  Time since last request: 2.449382 seconds.
  path: Assets/WebGLTemplates/shingu/TemplateData/unity-logo-dark.png.png
  artifactKey: Guid(7d25e74501b5d204ea6ff89905a75e40) Importer(815301076,1909f56bfc062723c751e8b465ee728b)
Start importing Assets/WebGLTemplates/shingu/TemplateData/unity-logo-dark.png.png using Guid(7d25e74501b5d204ea6ff89905a75e40) Importer(815301076,1909f56bfc062723c751e8b465ee728b) (PreviewImporter) -> (artifact id: 'cffef08dfa6445511672c174934f4665') in 0.001112 seconds
Number of updated asset objects reloaded before import = 0Number of asset objects unloaded after import = 1

========================================================================
Received Import Request.
  Time since last request: 139.033611 seconds.
  path: Assets/WebGLTemplates/shingu/TemplateData/progress-bar-empty-light.png
  artifactKey: Guid(0c5d62871cd09bc4abcec7c26ae596cb) Importer(815301076,1909f56bfc062723c751e8b465ee728b)
Start importing Assets/WebGLTemplates/shingu/TemplateData/progress-bar-empty-light.png using Guid(0c5d62871cd09bc4abcec7c26ae596cb) Importer(815301076,1909f56bfc062723c751e8b465ee728b) (PreviewImporter) -> (artifact id: 'dd105ff9297e45fcff1470b57cb52b08') in 0.0019613 seconds
Number of updated asset objects reloaded before import = 0Number of asset objects unloaded after import = 1

========================================================================
Received Import Request.
  Time since last request: 105.854892 seconds.
  path: Assets/WebGLTemplates/shingu/TemplateData/webmemd-icon.png
  artifactKey: Guid(b32ac1a289a558c47a0b04e10d51a8d8) Importer(2089858483,b0f066a214c2f5e87bad3c948f4d605d)
Start importing Assets/WebGLTemplates/shingu/TemplateData/webmemd-icon.png using Guid(b32ac1a289a558c47a0b04e10d51a8d8) Importer(2089858483,b0f066a214c2f5e87bad3c948f4d605d) (ScriptedImporter) -> (artifact id: '7698c36829b1173a055ef146ff984a14') in 0.0049045 seconds
Number of updated asset objects reloaded before import = 0Number of asset objects unloaded after import = 1

========================================================================
Received Import Request.
  Time since last request: 225.126696 seconds.
  path: Assets/WebGLTemplates/shingu/TemplateData/unity-logo-light.png
  artifactKey: Guid(b446a2fb8a50063409ad8fd8c6f7ed6a) Importer(815301076,1909f56bfc062723c751e8b465ee728b)
Start importing Assets/WebGLTemplates/shingu/TemplateData/unity-logo-light.png using Guid(b446a2fb8a50063409ad8fd8c6f7ed6a) Importer(815301076,1909f56bfc062723c751e8b465ee728b) (PreviewImporter) -> (artifact id: 'cb7fef1470881e2f500a7f57163c5bad') in 0.0014146 seconds
Number of updated asset objects reloaded before import = 0Number of asset objects unloaded after import = 1

========================================================================
Received Import Request.
  Time since last request: 9.289719 seconds.
  path: Assets/WebGLTemplates/shingu/TemplateData/unity-logo-dark.png
  artifactKey: Guid(7d25e74501b5d204ea6ff89905a75e40) Importer(815301076,1909f56bfc062723c751e8b465ee728b)
Start importing Assets/WebGLTemplates/shingu/TemplateData/unity-logo-dark.png using Guid(7d25e74501b5d204ea6ff89905a75e40) Importer(815301076,1909f56bfc062723c751e8b465ee728b) (PreviewImporter) -> (artifact id: 'dbdebe993ca39f3249f4f3efba644b57') in 0.0011884 seconds
Number of updated asset objects reloaded before import = 0Number of asset objects unloaded after import = 1

========================================================================
Received Import Request.
  Time since last request: 0.910572 seconds.
  path: Assets/WebGLTemplates/shingu/TemplateData/unity-logo-dark.png
  artifactKey: Guid(7d25e74501b5d204ea6ff89905a75e40) Importer(2089858483,b0f066a214c2f5e87bad3c948f4d605d)
Start importing Assets/WebGLTemplates/shingu/TemplateData/unity-logo-dark.png using Guid(7d25e74501b5d204ea6ff89905a75e40) Importer(2089858483,b0f066a214c2f5e87bad3c948f4d605d) (ScriptedImporter) -> (artifact id: '92cc4a2836dc2dee47832df06f9eae19') in 0.0052938 seconds
Number of updated asset objects reloaded before import = 0Number of asset objects unloaded after import = 1

========================================================================
Received Import Request.
  Time since last request: 68.666495 seconds.
  path: Assets/Settings
  artifactKey: Guid(0220aab0833d04faeb927d84ca6cc40c) Importer(815301076,1909f56bfc062723c751e8b465ee728b)
Start importing Assets/Settings using Guid(0220aab0833d04faeb927d84ca6cc40c) Importer(815301076,1909f56bfc062723c751e8b465ee728b) (PreviewImporter) -> (artifact id: '62508b3dd32630cf358da27d8a59d33e') in 0.0006391 seconds
Number of updated asset objects reloaded before import = 0Number of asset objects unloaded after import = 0

========================================================================
Received Import Request.
  Time since last request: 222.785101 seconds.
  path: Assets/New Folder
  artifactKey: Guid(b6a45e9d442de3842ac4a3e835663148) Importer(815301076,1909f56bfc062723c751e8b465ee728b)
Start importing Assets/New Folder using Guid(b6a45e9d442de3842ac4a3e835663148) Importer(815301076,1909f56bfc062723c751e8b465ee728b) (PreviewImporter) -> (artifact id: 'bbe88eb60b5137f2b3387cb7e1eef553') in 0.0016881 seconds
Number of updated asset objects reloaded before import = 0Number of asset objects unloaded after import = 0

========================================================================
Received Import Request.
  Time since last request: 0.900936 seconds.
  path: Assets/New Folder
  artifactKey: Guid(b6a45e9d442de3842ac4a3e835663148) Importer(2089858483,b0f066a214c2f5e87bad3c948f4d605d)
Start importing Assets/New Folder using Guid(b6a45e9d442de3842ac4a3e835663148) Importer(2089858483,b0f066a214c2f5e87bad3c948f4d605d) (ScriptedImporter) -> (artifact id: '0ff89bd28f27214a85193ee28d1facc1') in 0.0066403 seconds
Number of updated asset objects reloaded before import = 0Number of asset objects unloaded after import = 1

========================================================================
Received Import Request.
  Time since last request: 21.231635 seconds.
  path: Assets/CSS
  artifactKey: Guid(b6a45e9d442de3842ac4a3e835663148) Importer(815301076,1909f56bfc062723c751e8b465ee728b)
Start importing Assets/CSS using Guid(b6a45e9d442de3842ac4a3e835663148) Importer(815301076,1909f56bfc062723c751e8b465ee728b) (PreviewImporter) -> (artifact id: '65c60f52a348eeef96cf259c21e0db95') in 0.0006384 seconds
Number of updated asset objects reloaded before import = 0Number of asset objects unloaded after import = 0

========================================================================
Received Import Request.
  Time since last request: 0.913319 seconds.
  path: Assets/CSS
  artifactKey: Guid(b6a45e9d442de3842ac4a3e835663148) Importer(2089858483,b0f066a214c2f5e87bad3c948f4d605d)
Start importing Assets/CSS using Guid(b6a45e9d442de3842ac4a3e835663148) Importer(2089858483,b0f066a214c2f5e87bad3c948f4d605d) (ScriptedImporter) -> (artifact id: 'c77c88a643561d9b50df02546170630d') in 0.0050669 seconds
Number of updated asset objects reloaded before import = 0Number of asset objects unloaded after import = 1

========================================================================
Received Import Request.
  Time since last request: 4.203132 seconds.
  path: Assets/CSS/hello.txt
  artifactKey: Guid(3027f59f93b6b294c9b57524ea2e2fc5) Importer(2089858483,b0f066a214c2f5e87bad3c948f4d605d)
Start importing Assets/CSS/hello.txt using Guid(3027f59f93b6b294c9b57524ea2e2fc5) Importer(2089858483,b0f066a214c2f5e87bad3c948f4d605d) (ScriptedImporter) -> (artifact id: '80c8e410fd891bd932a9f763c3da5c4d') in 0.0058161 seconds
Number of updated asset objects reloaded before import = 0Number of asset objects unloaded after import = 1

========================================================================
Received Import Request.
  Time since last request: 0.000013 seconds.
  path: Assets/CSS/style.css
  artifactKey: Guid(3c45cf1e1336ce5479094a734f61c258) Importer(2089858483,b0f066a214c2f5e87bad3c948f4d605d)
Start importing Assets/CSS/style.css using Guid(3c45cf1e1336ce5479094a734f61c258) Importer(2089858483,b0f066a214c2f5e87bad3c948f4d605d) (ScriptedImporter) -> (artifact id: '28d242c4e849b3ae3b1ff38a11d90f5c') in 0.0058175 seconds
Number of updated asset objects reloaded before import = 0Number of asset objects unloaded after import = 1

