[Licensing::Module] Trying to connect to existing licensing client channel...
Built from '6000.3/staging' branch; Version is '6000.3.23f1 (09d2ecc7fb28) revision 643820'; Using compiler version '194234433'; Build Type 'Release'
OS: 'Windows 11  (10.0.26100) Education' Language: 'ko' Physical Memory: 32558 MB
[Licensing::IpcConnector] Successfully connected to: "LicenseClient-user" at "2026-09-16T06:45:34.5559468Z"
BatchMode: 1, IsHumanControllingUs: 0, StartBugReporterOnCrash: 0, Is64bit: 1
System  architecture: x64
Process architecture: x64
Date: 2026-09-16T06:45:34Z
[Licensing::Client] Code 10 while verifying Licensing Client signature (process Id: 12916, path: "C:/Program Files/Unity Hub/UnityLicensingClient_V1/Unity.Licensing.Client.exe")
[Licensing::Module] LicensingClient has failed validation; ignoring
[Licensing::Client] Handshaking with LicensingClient:
  Version:                 1.18.3+d7ffd15
  Session Id:              465d4844204c4096a0fc2f4e9f3cb388
  Correlation Id:          0b6cc7e42e86a27e64e6829ff2979ccc
  External correlation Id: 7490321430364222118
  Machine Id:              K3dYn2Fda39M2JbW8OtzpBnWOXA=
[Licensing::Module] Successfully connected to LicensingClient on channel: "LicenseClient-user" (connect: 0.00s, validation: 0.00s, handshake: 0.06s)
[Licensing::IpcConnector] Successfully connected to: "LicenseClient-user-notifications" at "2026-09-16T06:45:34.613425Z"
[Licensing::Module] Licensing Background thread has ended after 0.06s

COMMAND LINE ARGUMENTS:
C:\Program Files\Unity\Hub\Editor\6000.3.23f1\Editor\Unity.exe
-adb2
-batchMode
-noUpm
-name
AssetImportWorker0
-projectPath
C:/Users/user/WebGL_project
-logFile
Logs/AssetImportWorker0.log
-srvPort
57904
-parentPid
17176
-analyticsCloudUserId
14569123906803
-analyticsLocalProjectId
2844c92b024d89642a29c8f1fe6d618c
-editorAnalyticsEnabled
1
-cbmEditorLicense
f44254efa550aa990cf363b8274da0804c49f706
-cbmMachineId
K3dYn2Fda39M2JbW8OtzpBnWOXA=
-licensingIpc
LicenseClient-user
-job-worker-count
7
-background-job-worker-count
8
-gc-helper-count
1
-name
AssetImport
Successfully changed project path to: C:/Users/user/WebGL_project
C:/Users/user/WebGL_project
[UnityMemory] Configuration Parameters - Can be set up in boot.config
    "memorysetup-temp-allocator-size-nav-mesh-worker=65536"
    "memorysetup-temp-allocator-size-audio-worker=65536"
    "memorysetup-temp-allocator-size-gfx=262144"
    "memorysetup-allocator-temp-initial-block-size-main=262144"
    "memorysetup-allocator-temp-initial-block-size-worker=262144"
    "memorysetup-temp-allocator-size-background-worker=32768"
    "memorysetup-temp-allocator-size-job-worker=262144"
    "memorysetup-temp-allocator-size-preload-manager=33554432"
    "memorysetup-remapper-allocator-initial-capacity=32768"
    "memorysetup-temp-allocator-size-gi-baking-worker=262144"
    "memorysetup-temp-allocator-size-gi-baking-worker=262144"
    "memorysetup-temp-allocator-size-gi-baking-worker=262144"
    "memorysetup-temp-allocator-size-gi-baking-worker=262144"
    "memorysetup-temp-allocator-size-gi-baking-worker=262144"
    "memorysetup-bucket-allocator-granularity=16"
    "memorysetup-bucket-allocator-bucket-count=8"
    "memorysetup-bucket-allocator-block-size=33554432"
    "memorysetup-bucket-allocator-block-count=8"
    "memorysetup-main-allocator-block-size=16777216"
    "memorysetup-thread-allocator-block-size=16777216"
    "memorysetup-gfx-main-allocator-block-size=16777216"
    "memorysetup-gfx-thread-allocator-block-size=16777216"
    "memorysetup-cache-allocator-block-size=4194304"
    "memorysetup-typetree-allocator-block-size=2097152"
    "memorysetup-profiler-bucket-allocator-granularity=16"
    "memorysetup-profiler-bucket-allocator-bucket-count=8"
    "memorysetup-profiler-bucket-allocator-block-size=33554432"
    "memorysetup-profiler-bucket-allocator-block-count=8"
    "memorysetup-profiler-allocator-block-size=16777216"
    "memorysetup-profiler-editor-allocator-block-size=1048576"
    "memorysetup-temp-allocator-size-main=16777216"
    "memorysetup-job-temp-allocator-block-size=2097152"
    "memorysetup-job-temp-allocator-block-size-background=1048576"
    "memorysetup-job-temp-allocator-reduction-small-platforms=262144"
    "memorysetup-temp-allocator-size-cloud-worker=32768"
Player connection [4204]  Target information:

Player connection [4204]  * "[IP] 172.16.4.200 [Port] 0 [Flags] 2 [Guid] 3961933906 [EditorId] 3961933906 [Version] 1048832 [Id] WindowsEditor(7,DESKTOP-GM9IPGM) [Debug] 1 [PackageName] WindowsEditor [ProjectName] Editor" 

Player connection [4204] Host joined multi-casting on [225.0.0.222:54997]...
Player connection [4204] Host joined alternative multi-casting on [225.0.0.222:34997]...
JobSystem: Creating JobQueue using job-worker-count value 7
Input System module state changed to: Initialized.
[Physics::Module] Initialized fallback backend.
[Physics::Module] Id: 0xdecafbad
Library Redirect Path: Library/
[Physics::Module] Selected backend.
[Physics::Module] Name: PhysX
[Physics::Module] Id: 0xf2b8ea05
[Physics::Module] SDK Version: 4.1.2
[Physics::Module] Integration Version: 1.0.0
[Physics::Module] Threading Mode: Multi-Threaded
Refreshing native plugins compatible for Editor in 9.11 ms, found 5 plugins.
Preloading 0 native plugins for Editor in 0.00 ms.
Initialize engine version: 6000.3.23f1 (09d2ecc7fb28)
[Subsystems] Discovering subsystems at path C:/Program Files/Unity/Hub/Editor/6000.3.23f1/Editor/Data/Resources/UnitySubsystems
[Subsystems] Discovering subsystems at path C:/Users/user/WebGL_project/Assets
GfxDevice: creating device client; kGfxThreadingModeNonThreaded
d3d12: failed to query info queue interface (0x80004002).
Direct3D:
    Version:         Direct3D 12 [level 12.2]
    Renderer:        NVIDIA GeForce RTX 2080 (ID=0x1e82)
    Vendor:          NVIDIA
    VRAM:            7989 MB
    App VRAM Budget: 7221 MB
    Driver:          32.0.15.9595
Initialize mono
Mono path[0] = 'C:/Program Files/Unity/Hub/Editor/6000.3.23f1/Editor/Data/Managed'
Mono path[1] = 'C:/Program Files/Unity/Hub/Editor/6000.3.23f1/Editor/Data/MonoBleedingEdge/lib/mono/unityjit-win32'
Mono config path = 'C:/Program Files/Unity/Hub/Editor/6000.3.23f1/Editor/Data/MonoBleedingEdge/etc'
Using monoOptions --debugger-agent=transport=dt_socket,embedding=1,server=y,suspend=n,address=127.0.0.1:56024
Begin MonoManager ReloadAssembly
Registering precompiled unity dll's ...
Register platform support module: C:/Program Files/Unity/Hub/Editor/6000.3.23f1/Editor/Data/PlaybackEngines/WebGLSupport/UnityEditor.WebGL.Extensions.dll
Register platform support module: C:/Program Files/Unity/Hub/Editor/6000.3.23f1/Editor/Data/PlaybackEngines/WindowsStandaloneSupport/UnityEditor.WindowsStandalone.Extensions.dll
Registered in 0.005818 seconds.
- Loaded All Assemblies, in  0.543 seconds
Native extension for WindowsStandalone target not found
Native extension for WebGL target not found
Package Manager log level set to [2]
[Package Manager] Failed to launch server process. Reason: Unity was launched with the -noUpm command-line argument
[Package Manager] Unable to send message (not connected to server process).
[Package Manager] Cannot connect to Unity Package Manager local server
ScheduleIndexationOnStartup MainProcess:False IndexOnStartup:True
Mono: successfully reloaded assembly
- Finished resetting the current domain, in  0.439 seconds
Domain Reload Profiling: 976ms
	BeginReloadAssembly (198ms)
		ExecutionOrderSort (0ms)
		DisableScriptedObjects (0ms)
		BackupInstance (0ms)
		ReleaseScriptingObjects (0ms)
		CreateAndSetChildDomain (1ms)
	RebuildCommonClasses (44ms)
	RebuildNativeTypeToScriptingClass (14ms)
	initialDomainReloadingComplete (61ms)
	LoadAllAssembliesAndSetupDomain (219ms)
		LoadAssemblies (192ms)
		RebuildTransferFunctionScriptingTraits (0ms)
		AnalyzeDomain (215ms)
			TypeCache.Refresh (213ms)
				TypeCache.ScanAssembly (196ms)
			BuildScriptInfoCaches (0ms)
			ResolveRequiredComponents (0ms)
	FinalizeReload (440ms)
		ReleaseScriptCaches (0ms)
		RebuildScriptCaches (0ms)
		SetupLoadedEditorAssemblies (386ms)
			LogAssemblyErrors (0ms)
			InitializePlatformSupportModulesInManaged (56ms)
			SetLoadedEditorAssemblies (4ms)
			BeforeProcessingInitializeOnLoad (95ms)
			ProcessInitializeOnLoadAttributes (150ms)
			ProcessInitializeOnLoadMethodAttributes (80ms)
			AfterProcessingInitializeOnLoad (0ms)
			EditorAssembliesLoaded (0ms)
		ExecutionOrderSort2 (0ms)
		AwakeInstancesAfterBackupRestoration (0ms)
[Licensing::Client] Successfully resolved entitlement details
[Licensing::Module] License group:
  Id: 14569123906803-UnityPersXXXX
  Product: Unity Personal
  Type: Assigned
  Expiration: Unlimited
========================================================================
Worker process is ready to serve import requests
Import Worker Mode flag is 0x00
Begin MonoManager ReloadAssembly
- Loaded All Assemblies, in  1.185 seconds
Refreshing native plugins compatible for Editor in 3.83 ms, found 5 plugins.
Native extension for WindowsStandalone target not found
Native extension for WebGL target not found
[Package Manager] Failed to launch server process. Reason: Unity was launched with the -noUpm command-line argument
[Package Manager] Unable to send message (not connected to server process).
[Package Manager] Cannot connect to Unity Package Manager local server
Refreshing native plugins compatible for Editor in 4.05 ms, found 5 plugins.
[Package Manager] Failed to launch server process. Reason: Unity was launched with the -noUpm command-line argument
[Package Manager] Unable to send message (not connected to server process).
[Package Manager] Cannot connect to Unity Package Manager local server
ScheduleIndexationOnStartup MainProcess:False IndexOnStartup:True
Mono: successfully reloaded assembly
- Finished resetting the current domain, in  0.941 seconds
Domain Reload Profiling: 2114ms
	BeginReloadAssembly (250ms)
		ExecutionOrderSort (0ms)
		DisableScriptedObjects (6ms)
		BackupInstance (0ms)
		ReleaseScriptingObjects (0ms)
		CreateAndSetChildDomain (29ms)
	RebuildCommonClasses (44ms)
	RebuildNativeTypeToScriptingClass (15ms)
	initialDomainReloadingComplete (53ms)
	LoadAllAssembliesAndSetupDomain (812ms)
		LoadAssemblies (601ms)
		RebuildTransferFunctionScriptingTraits (0ms)
		AnalyzeDomain (372ms)
			TypeCache.Refresh (281ms)
				TypeCache.ScanAssembly (259ms)
			BuildScriptInfoCaches (78ms)
			ResolveRequiredComponents (8ms)
	FinalizeReload (941ms)
		ReleaseScriptCaches (0ms)
		RebuildScriptCaches (0ms)
		SetupLoadedEditorAssemblies (778ms)
			LogAssemblyErrors (0ms)
			InitializePlatformSupportModulesInManaged (3ms)
			SetLoadedEditorAssemblies (6ms)
			BeforeProcessingInitializeOnLoad (189ms)
			ProcessInitializeOnLoadAttributes (419ms)
			ProcessInitializeOnLoadMethodAttributes (148ms)
			AfterProcessingInitializeOnLoad (12ms)
			EditorAssembliesLoaded (0ms)
		ExecutionOrderSort2 (0ms)
		AwakeInstancesAfterBackupRestoration (8ms)
Launched and connected shader compiler UnityShaderCompiler.exe after 0.02 seconds
Refreshing native plugins compatible for Editor in 3.83 ms, found 5 plugins.
Preloading 0 native plugins for Editor in 0.00 ms.
Unloading 36 Unused Serialized files (Serialized files now loaded: 0)
Curl error 3: URL rejected: Malformed input to a URL function
Unloading 7429 unused Assets / (8.0 MB). Loaded Objects now: 8220.
Memory consumption went from 175.9 MB to 167.9 MB.
Total: 12.061000 ms (FindLiveObjects: 0.947000 ms CreateObjectMapping: 1.333400 ms MarkObjects: 5.566600 ms  DeleteObjects: 4.213100 ms)

========================================================================
Received Import Request.
  Time since last request: 9628.845295 seconds.
  path: Assets/Contents/0916.unity
  artifactKey: Guid(daddcfc7d676c6a4787fbf42ce6819df) Importer(815301076,1909f56bfc062723c751e8b465ee728b)
Start importing Assets/Contents/0916.unity using Guid(daddcfc7d676c6a4787fbf42ce6819df) Importer(815301076,1909f56bfc062723c751e8b465ee728b) (PreviewImporter) -> (artifact id: '257d0f5017773c05b0e60300f65607f5') in 0.0132778 seconds
Number of updated asset objects reloaded before import = 0Number of asset objects unloaded after import = 0

========================================================================
Received Import Request.
  Time since last request: 0.000016 seconds.
  path: Assets/Contents/0916.unity
  artifactKey: Guid(daddcfc7d676c6a4787fbf42ce6819df) Importer(2089858483,b0f066a214c2f5e87bad3c948f4d605d)
Start importing Assets/Contents/0916.unity using Guid(daddcfc7d676c6a4787fbf42ce6819df) Importer(2089858483,b0f066a214c2f5e87bad3c948f4d605d) (ScriptedImporter) -> (artifact id: '1484ff8d2d5ebf26419f1a1aa0db0bc3') in 0.0539974 seconds
Number of updated asset objects reloaded before import = 0Number of asset objects unloaded after import = 1

========================================================================
Received Import Request.
  Time since last request: 76.407862 seconds.
  path: Assets/Contents/Image/Bear_Breeder.png
  artifactKey: Guid(cd62fce6d0008454494dab322520f38d) Importer(815301076,1909f56bfc062723c751e8b465ee728b)
Start importing Assets/Contents/Image/Bear_Breeder.png using Guid(cd62fce6d0008454494dab322520f38d) Importer(815301076,1909f56bfc062723c751e8b465ee728b) (PreviewImporter) -> (artifact id: 'efb3a9b768bb7f0b2727af6cf05c849f') in 0.1654661 seconds
Number of updated asset objects reloaded before import = 0Number of asset objects unloaded after import = 10

========================================================================
Received Import Request.
  Time since last request: 0.759185 seconds.
  path: Assets/Contents/Image/Bear_Breeder.png
  artifactKey: Guid(cd62fce6d0008454494dab322520f38d) Importer(2089858483,b0f066a214c2f5e87bad3c948f4d605d)
Start importing Assets/Contents/Image/Bear_Breeder.png using Guid(cd62fce6d0008454494dab322520f38d) Importer(2089858483,b0f066a214c2f5e87bad3c948f4d605d) (ScriptedImporter) -> (artifact id: '0b599b49d31b393ee040e30aa7ffb0af') in 0.0894239 seconds
Number of updated asset objects reloaded before import = 0Number of asset objects unloaded after import = 10

========================================================================
Received Import Request.
  Time since last request: 58.594260 seconds.
  path: Assets/Contents/Image/AC_Baer.anim
  artifactKey: Guid(beadcd22efa0bd24686750aabc73c6de) Importer(2089858483,b0f066a214c2f5e87bad3c948f4d605d)
Start importing Assets/Contents/Image/AC_Baer.anim using Guid(beadcd22efa0bd24686750aabc73c6de) Importer(2089858483,b0f066a214c2f5e87bad3c948f4d605d) (ScriptedImporter) -> (artifact id: '94e37890e06253390236ba43e7ac5f87') in 0.0155166 seconds
Number of updated asset objects reloaded before import = 0Number of asset objects unloaded after import = 1

========================================================================
Received Import Request.
  Time since last request: 61.545309 seconds.
  path: Assets/Contents/Image/Image.controller
  artifactKey: Guid(9a529178348d81b498dd9b27471b7149) Importer(2089858483,b0f066a214c2f5e87bad3c948f4d605d)
Start importing Assets/Contents/Image/Image.controller using Guid(9a529178348d81b498dd9b27471b7149) Importer(2089858483,b0f066a214c2f5e87bad3c948f4d605d) (ScriptedImporter) -> (artifact id: 'dfca756c028af1556533e5694a26a1db') in 0.0089417 seconds
Number of updated asset objects reloaded before import = 0Number of asset objects unloaded after import = 4

========================================================================
Received Import Request.
  Time since last request: 0.000019 seconds.
  path: Assets/Contents/0916.unity
  artifactKey: Guid(daddcfc7d676c6a4787fbf42ce6819df) Importer(2089858483,b0f066a214c2f5e87bad3c948f4d605d)
Start importing Assets/Contents/0916.unity using Guid(daddcfc7d676c6a4787fbf42ce6819df) Importer(2089858483,b0f066a214c2f5e87bad3c948f4d605d) (ScriptedImporter) -> (artifact id: 'f622719ce0e15ef0c3b4eed0335be147') in 0.0050507 seconds
Number of updated asset objects reloaded before import = 0Number of asset objects unloaded after import = 1

========================================================================
Received Import Request.
  Time since last request: 36.342512 seconds.
  path: Assets/Contents/Scene
  artifactKey: Guid(4b81d6a4bb9950c4888d4d6041b141ae) Importer(815301076,1909f56bfc062723c751e8b465ee728b)
Start importing Assets/Contents/Scene using Guid(4b81d6a4bb9950c4888d4d6041b141ae) Importer(815301076,1909f56bfc062723c751e8b465ee728b) (PreviewImporter) -> (artifact id: '8b71e3bce42ed832c89d6499291e3cd8') in 0.0007233 seconds
Number of updated asset objects reloaded before import = 0Number of asset objects unloaded after import = 0

========================================================================
Received Import Request.
  Time since last request: 0.911535 seconds.
  path: Assets/Contents/Scene
  artifactKey: Guid(4b81d6a4bb9950c4888d4d6041b141ae) Importer(2089858483,b0f066a214c2f5e87bad3c948f4d605d)
Start importing Assets/Contents/Scene using Guid(4b81d6a4bb9950c4888d4d6041b141ae) Importer(2089858483,b0f066a214c2f5e87bad3c948f4d605d) (ScriptedImporter) -> (artifact id: 'db4c101cff72f44c16766827b3d96503') in 0.0045291 seconds
Number of updated asset objects reloaded before import = 0Number of asset objects unloaded after import = 1

========================================================================
Received Import Request.
  Time since last request: 1.564347 seconds.
  path: Assets/Contents/Scene/0916.unity
  artifactKey: Guid(daddcfc7d676c6a4787fbf42ce6819df) Importer(2089858483,b0f066a214c2f5e87bad3c948f4d605d)
Start importing Assets/Contents/Scene/0916.unity using Guid(daddcfc7d676c6a4787fbf42ce6819df) Importer(2089858483,b0f066a214c2f5e87bad3c948f4d605d) (ScriptedImporter) -> (artifact id: 'dd6cbd6ec5c8eba54d37cbc31a967444') in 0.0063919 seconds
Number of updated asset objects reloaded before import = 0Number of asset objects unloaded after import = 1

========================================================================
Received Import Request.
  Time since last request: 0.269807 seconds.
  path: Assets/Contents/Scene/0916.unity
  artifactKey: Guid(daddcfc7d676c6a4787fbf42ce6819df) Importer(815301076,1909f56bfc062723c751e8b465ee728b)
Start importing Assets/Contents/Scene/0916.unity using Guid(daddcfc7d676c6a4787fbf42ce6819df) Importer(815301076,1909f56bfc062723c751e8b465ee728b) (PreviewImporter) -> (artifact id: 'e868ceeb686388f5a15d46df44ab659a') in 0.0009744 seconds
Number of updated asset objects reloaded before import = 0Number of asset objects unloaded after import = 0

========================================================================
Received Import Request.
  Time since last request: 3.281278 seconds.
  path: Assets/Contents/Scene/Base.unity
  artifactKey: Guid(daddcfc7d676c6a4787fbf42ce6819df) Importer(815301076,1909f56bfc062723c751e8b465ee728b)
Start importing Assets/Contents/Scene/Base.unity using Guid(daddcfc7d676c6a4787fbf42ce6819df) Importer(815301076,1909f56bfc062723c751e8b465ee728b) (PreviewImporter) -> (artifact id: 'fea25e24ae59362192cbdbf9b14df18b') in 0.0005601 seconds
Number of updated asset objects reloaded before import = 0Number of asset objects unloaded after import = 0

========================================================================
Received Import Request.
  Time since last request: 0.923637 seconds.
  path: Assets/Contents/Scene/Base.unity
  artifactKey: Guid(daddcfc7d676c6a4787fbf42ce6819df) Importer(2089858483,b0f066a214c2f5e87bad3c948f4d605d)
Start importing Assets/Contents/Scene/Base.unity using Guid(daddcfc7d676c6a4787fbf42ce6819df) Importer(2089858483,b0f066a214c2f5e87bad3c948f4d605d) (ScriptedImporter) -> (artifact id: '28ef89c3d264aec6d3f0093c4a97d35d') in 0.0050519 seconds
Number of updated asset objects reloaded before import = 0Number of asset objects unloaded after import = 1

========================================================================
Received Import Request.
  Time since last request: 92.581905 seconds.
  path: Assets/Contents/Image/Image.controller
  artifactKey: Guid(9a529178348d81b498dd9b27471b7149) Importer(815301076,1909f56bfc062723c751e8b465ee728b)
Start importing Assets/Contents/Image/Image.controller using Guid(9a529178348d81b498dd9b27471b7149) Importer(815301076,1909f56bfc062723c751e8b465ee728b) (PreviewImporter) -> (artifact id: 'cce81d4561f74ef57e6b0366d63ac96c') in 0.0020149 seconds
Number of updated asset objects reloaded before import = 0Number of asset objects unloaded after import = 4

========================================================================
Received Import Request.
  Time since last request: 4.532258 seconds.
  path: Assets/Contents/Image/AC_Bear.controller
  artifactKey: Guid(9a529178348d81b498dd9b27471b7149) Importer(815301076,1909f56bfc062723c751e8b465ee728b)
Start importing Assets/Contents/Image/AC_Bear.controller using Guid(9a529178348d81b498dd9b27471b7149) Importer(815301076,1909f56bfc062723c751e8b465ee728b) (PreviewImporter) -> (artifact id: 'e156f08ea7a4285de3470791919d4c03') in 0.0024444 seconds
Number of updated asset objects reloaded before import = 0Number of asset objects unloaded after import = 4

========================================================================
Received Import Request.
  Time since last request: 0.911455 seconds.
  path: Assets/Contents/Image/AC_Bear.controller
  artifactKey: Guid(9a529178348d81b498dd9b27471b7149) Importer(2089858483,b0f066a214c2f5e87bad3c948f4d605d)
Start importing Assets/Contents/Image/AC_Bear.controller using Guid(9a529178348d81b498dd9b27471b7149) Importer(2089858483,b0f066a214c2f5e87bad3c948f4d605d) (ScriptedImporter) -> (artifact id: '1f4f145c9a7a7e994bf508b760008e13') in 0.0061906 seconds
Number of updated asset objects reloaded before import = 0Number of asset objects unloaded after import = 4

========================================================================
Received Import Request.
  Time since last request: 34.092159 seconds.
  path: Assets/Contents/Script
  artifactKey: Guid(a11445db93da02e4c999154548afa72e) Importer(815301076,1909f56bfc062723c751e8b465ee728b)
Start importing Assets/Contents/Script using Guid(a11445db93da02e4c999154548afa72e) Importer(815301076,1909f56bfc062723c751e8b465ee728b) (PreviewImporter) -> (artifact id: 'f60f48398eb22c6b0c7ddafd28c380ee') in 0.0017146 seconds
Number of updated asset objects reloaded before import = 0Number of asset objects unloaded after import = 0

========================================================================
Received Import Request.
  Time since last request: 0.902261 seconds.
  path: Assets/Contents/Script
  artifactKey: Guid(a11445db93da02e4c999154548afa72e) Importer(2089858483,b0f066a214c2f5e87bad3c948f4d605d)
Start importing Assets/Contents/Script using Guid(a11445db93da02e4c999154548afa72e) Importer(2089858483,b0f066a214c2f5e87bad3c948f4d605d) (ScriptedImporter) -> (artifact id: '6b440b00f70a2e2b9df7e25bf3393407') in 0.0043388 seconds
Number of updated asset objects reloaded before import = 0Number of asset objects unloaded after import = 1

========================================================================
Received Prepare
Refreshing native plugins compatible for Editor in 3.94 ms, found 5 plugins.
Preloading 0 native plugins for Editor in 0.00 ms.
Unloading 35 Unused Serialized files (Serialized files now loaded: 0)
Unloading 7413 unused Assets / (7.1 MB). Loaded Objects now: 8244.
Memory consumption went from 174.2 MB to 167.1 MB.
Total: 14.005300 ms (FindLiveObjects: 0.857100 ms CreateObjectMapping: 1.232800 ms MarkObjects: 8.111300 ms  DeleteObjects: 3.803100 ms)

Prepare: number of updated asset objects reloaded= 0
========================================================================
Received Import Request.
  Time since last request: 9.677840 seconds.
  path: Assets/Contents/Script/ClickMover.cs
  artifactKey: Guid(bacc97ce807df284ba8bdbffd128bedf) Importer(815301076,1909f56bfc062723c751e8b465ee728b)
Start importing Assets/Contents/Script/ClickMover.cs using Guid(bacc97ce807df284ba8bdbffd128bedf) Importer(815301076,1909f56bfc062723c751e8b465ee728b) (PreviewImporter) -> (artifact id: '10aac233a4088c5d2599c0b25003c639') in 0.0009023 seconds
Number of updated asset objects reloaded before import = 0Number of asset objects unloaded after import = 0

========================================================================
Received Import Request.
  Time since last request: 0.560084 seconds.
  path: Assets/Contents/Script/ClickMover.cs
  artifactKey: Guid(bacc97ce807df284ba8bdbffd128bedf) Importer(2089858483,b0f066a214c2f5e87bad3c948f4d605d)
Start importing Assets/Contents/Script/ClickMover.cs using Guid(bacc97ce807df284ba8bdbffd128bedf) Importer(2089858483,b0f066a214c2f5e87bad3c948f4d605d) (ScriptedImporter) -> (artifact id: '630efc8d7a7e0946fc2ad2c0f7c3a247') in 0.0061767 seconds
Number of updated asset objects reloaded before import = 0Number of asset objects unloaded after import = 0

========================================================================
Received Prepare
Refreshing native plugins compatible for Editor in 3.98 ms, found 5 plugins.
Preloading 0 native plugins for Editor in 0.00 ms.
Unloading 35 Unused Serialized files (Serialized files now loaded: 0)
Unloading 7413 unused Assets / (6.8 MB). Loaded Objects now: 8244.
Memory consumption went from 174.2 MB to 167.4 MB.
Total: 12.121900 ms (FindLiveObjects: 0.850000 ms CreateObjectMapping: 1.357200 ms MarkObjects: 6.096100 ms  DeleteObjects: 3.817100 ms)

Prepare: number of updated asset objects reloaded= 0
========================================================================
Received Import Request.
  Time since last request: 24.451692 seconds.
  path: Assets/Contents/Script/ClickMover.cs
  artifactKey: Guid(bacc97ce807df284ba8bdbffd128bedf) Importer(2089858483,b0f066a214c2f5e87bad3c948f4d605d)
Start importing Assets/Contents/Script/ClickMover.cs using Guid(bacc97ce807df284ba8bdbffd128bedf) Importer(2089858483,b0f066a214c2f5e87bad3c948f4d605d) (ScriptedImporter) -> (artifact id: '1724d873af46135ccd31718a5b58ddb5') in 0.0063855 seconds
Number of updated asset objects reloaded before import = 0Number of asset objects unloaded after import = 0

========================================================================
Received Prepare
Begin MonoManager ReloadAssembly
[Licensing::Client] Successfully resolved entitlement details
- Loaded All Assemblies, in  1.046 seconds
Refreshing native plugins compatible for Editor in 4.30 ms, found 5 plugins.
Native extension for WindowsStandalone target not found
Native extension for WebGL target not found
[Package Manager] Failed to launch server process. Reason: Unity was launched with the -noUpm command-line argument
[Package Manager] Unable to send message (not connected to server process).
[Package Manager] Cannot connect to Unity Package Manager local server
[Package Manager] Failed to launch server process. Reason: Unity was launched with the -noUpm command-line argument
[Package Manager] Unable to send message (not connected to server process).
[Package Manager] Cannot connect to Unity Package Manager local server
ScheduleIndexationOnStartup MainProcess:False IndexOnStartup:True
Mono: successfully reloaded assembly
- Finished resetting the current domain, in  0.903 seconds
Domain Reload Profiling: 1942ms
	BeginReloadAssembly (285ms)
		ExecutionOrderSort (0ms)
		DisableScriptedObjects (14ms)
		BackupInstance (0ms)
		ReleaseScriptingObjects (0ms)
		CreateAndSetChildDomain (69ms)
	RebuildCommonClasses (44ms)
	RebuildNativeTypeToScriptingClass (17ms)
	initialDomainReloadingComplete (49ms)
	LoadAllAssembliesAndSetupDomain (644ms)
		LoadAssemblies (519ms)
		RebuildTransferFunctionScriptingTraits (0ms)
		AnalyzeDomain (256ms)
			TypeCache.Refresh (13ms)
				TypeCache.ScanAssembly (1ms)
			BuildScriptInfoCaches (227ms)
			ResolveRequiredComponents (8ms)
	FinalizeReload (904ms)
		ReleaseScriptCaches (0ms)
		RebuildScriptCaches (0ms)
		SetupLoadedEditorAssemblies (717ms)
			LogAssemblyErrors (0ms)
			InitializePlatformSupportModulesInManaged (2ms)
			SetLoadedEditorAssemblies (6ms)
			BeforeProcessingInitializeOnLoad (201ms)
			ProcessInitializeOnLoadAttributes (405ms)
			ProcessInitializeOnLoadMethodAttributes (88ms)
			AfterProcessingInitializeOnLoad (13ms)
			EditorAssembliesLoaded (1ms)
		ExecutionOrderSort2 (0ms)
		AwakeInstancesAfterBackupRestoration (18ms)
Refreshing native plugins compatible for Editor in 4.24 ms, found 5 plugins.
Preloading 0 native plugins for Editor in 0.00 ms.
Unloading 35 Unused Serialized files (Serialized files now loaded: 0)
Unloading 7428 unused Assets / (6.7 MB). Loaded Objects now: 8247.
Memory consumption went from 177.3 MB to 170.5 MB.
Total: 12.062100 ms (FindLiveObjects: 0.986500 ms CreateObjectMapping: 1.475000 ms MarkObjects: 5.644200 ms  DeleteObjects: 3.955600 ms)

Prepare: number of updated asset objects reloaded= 0
========================================================================
Received Import Request.
  Time since last request: 8.578234 seconds.
  path: Assets/Contents/Script/ClickMover.cs
  artifactKey: Guid(bacc97ce807df284ba8bdbffd128bedf) Importer(815301076,1909f56bfc062723c751e8b465ee728b)
Start importing Assets/Contents/Script/ClickMover.cs using Guid(bacc97ce807df284ba8bdbffd128bedf) Importer(815301076,1909f56bfc062723c751e8b465ee728b) (PreviewImporter) -> (artifact id: '19ed2bed3521b70819fa98dbb362b41c') in 0.0021078 seconds
Number of updated asset objects reloaded before import = 0Number of asset objects unloaded after import = 0

========================================================================
Received Import Request.
  Time since last request: 81.918986 seconds.
  path: Assets/Contents/Scene/Base.unity
  artifactKey: Guid(daddcfc7d676c6a4787fbf42ce6819df) Importer(815301076,1909f56bfc062723c751e8b465ee728b)
Start importing Assets/Contents/Scene/Base.unity using Guid(daddcfc7d676c6a4787fbf42ce6819df) Importer(815301076,1909f56bfc062723c751e8b465ee728b) (PreviewImporter) -> (artifact id: '62bddc12a14f6e01b2d80161739b5d49') in 0.0006884 seconds
Number of updated asset objects reloaded before import = 0Number of asset objects unloaded after import = 0

========================================================================
Received Import Request.
  Time since last request: 1.202339 seconds.
  path: Assets/Contents/Scene/Base 1.unity
  artifactKey: Guid(125fd5132031b7e48a375b93d4b5fdac) Importer(815301076,1909f56bfc062723c751e8b465ee728b)
Start importing Assets/Contents/Scene/Base 1.unity using Guid(125fd5132031b7e48a375b93d4b5fdac) Importer(815301076,1909f56bfc062723c751e8b465ee728b) (PreviewImporter) -> (artifact id: 'c95916945adcf302bdae2770564799a3') in 0.0006348 seconds
Number of updated asset objects reloaded before import = 0Number of asset objects unloaded after import = 0

========================================================================
Received Import Request.
  Time since last request: 3.573770 seconds.
  path: Assets/Contents/Scene/Click.unity
  artifactKey: Guid(125fd5132031b7e48a375b93d4b5fdac) Importer(815301076,1909f56bfc062723c751e8b465ee728b)
Start importing Assets/Contents/Scene/Click.unity using Guid(125fd5132031b7e48a375b93d4b5fdac) Importer(815301076,1909f56bfc062723c751e8b465ee728b) (PreviewImporter) -> (artifact id: '741cf55fefe2fdb0205dc254b1cb9faa') in 0.0007973 seconds
Number of updated asset objects reloaded before import = 0Number of asset objects unloaded after import = 0

========================================================================
Received Import Request.
  Time since last request: 984.250348 seconds.
  path: Assets/Contents/Scene/Base.unity
  artifactKey: Guid(daddcfc7d676c6a4787fbf42ce6819df) Importer(2089858483,b0f066a214c2f5e87bad3c948f4d605d)
Start importing Assets/Contents/Scene/Base.unity using Guid(daddcfc7d676c6a4787fbf42ce6819df) Importer(2089858483,b0f066a214c2f5e87bad3c948f4d605d) (ScriptedImporter) -> (artifact id: '123bfc2fd3082524a1cb647179ef9363') in 0.0575036 seconds
Number of updated asset objects reloaded before import = 0Number of asset objects unloaded after import = 1

========================================================================
Received Import Request.
  Time since last request: 0.000020 seconds.
  path: Assets/TextMesh Pro/Resources/Fonts & Materials/LiberationSans SDF - Fallback.asset
  artifactKey: Guid(2e498d1c8094910479dc3e1b768306a4) Importer(2089858483,b0f066a214c2f5e87bad3c948f4d605d)
Start importing Assets/TextMesh Pro/Resources/Fonts & Materials/LiberationSans SDF - Fallback.asset using Guid(2e498d1c8094910479dc3e1b768306a4) Importer(2089858483,b0f066a214c2f5e87bad3c948f4d605d) (ScriptedImporter) -> (artifact id: '19145166bcbe741f7dac25e0f05864e1') in 0.0794936 seconds
Number of updated asset objects reloaded before import = 0Number of asset objects unloaded after import = 5

========================================================================
Received Prepare
Refreshing native plugins compatible for Editor in 3.83 ms, found 5 plugins.
Preloading 0 native plugins for Editor in 0.00 ms.
Unloading 35 Unused Serialized files (Serialized files now loaded: 0)
Unloading 7414 unused Assets / (7.6 MB). Loaded Objects now: 8248.
Memory consumption went from 177.6 MB to 170.0 MB.
Total: 12.025800 ms (FindLiveObjects: 0.850700 ms CreateObjectMapping: 1.237600 ms MarkObjects: 5.502600 ms  DeleteObjects: 4.434200 ms)

Prepare: number of updated asset objects reloaded= 0
========================================================================
Received Import Request.
  Time since last request: 1.046014 seconds.
  path: Assets/Contents/Script/HoldButton.cs
  artifactKey: Guid(657a3e07943061b4ba62c7bf7e1a9559) Importer(815301076,1909f56bfc062723c751e8b465ee728b)
Start importing Assets/Contents/Script/HoldButton.cs using Guid(657a3e07943061b4ba62c7bf7e1a9559) Importer(815301076,1909f56bfc062723c751e8b465ee728b) (PreviewImporter) -> (artifact id: '143852abe3e2fcc595882a07154094ec') in 0.000626 seconds
Number of updated asset objects reloaded before import = 0Number of asset objects unloaded after import = 0

========================================================================
Received Import Request.
  Time since last request: 0.828637 seconds.
  path: Assets/Contents/Script/HoldButton.cs
  artifactKey: Guid(657a3e07943061b4ba62c7bf7e1a9559) Importer(2089858483,b0f066a214c2f5e87bad3c948f4d605d)
Start importing Assets/Contents/Script/HoldButton.cs using Guid(657a3e07943061b4ba62c7bf7e1a9559) Importer(2089858483,b0f066a214c2f5e87bad3c948f4d605d) (ScriptedImporter) -> (artifact id: 'c2971ff75c80f436d606d33c42dce5bb') in 0.0116758 seconds
Number of updated asset objects reloaded before import = 0Number of asset objects unloaded after import = 0

========================================================================
Received Prepare
Refreshing native plugins compatible for Editor in 4.66 ms, found 5 plugins.
Preloading 0 native plugins for Editor in 0.00 ms.
Unloading 35 Unused Serialized files (Serialized files now loaded: 0)
Unloading 7414 unused Assets / (8.0 MB). Loaded Objects now: 8248.
Memory consumption went from 177.6 MB to 169.7 MB.
Total: 16.840100 ms (FindLiveObjects: 1.453000 ms CreateObjectMapping: 1.605500 ms MarkObjects: 8.288700 ms  DeleteObjects: 5.491800 ms)

Prepare: number of updated asset objects reloaded= 0
========================================================================
Received Import Request.
  Time since last request: 12.446134 seconds.
  path: Assets/Contents/Script/HoldButton.cs
  artifactKey: Guid(657a3e07943061b4ba62c7bf7e1a9559) Importer(2089858483,b0f066a214c2f5e87bad3c948f4d605d)
Start importing Assets/Contents/Script/HoldButton.cs using Guid(657a3e07943061b4ba62c7bf7e1a9559) Importer(2089858483,b0f066a214c2f5e87bad3c948f4d605d) (ScriptedImporter) -> (artifact id: '21bda8e5cb3495a6ae2d38b4db14ff3c') in 0.0052589 seconds
Number of updated asset objects reloaded before import = 0Number of asset objects unloaded after import = 0

========================================================================
Received Prepare
Begin MonoManager ReloadAssembly
[Licensing::Client] Successfully resolved entitlement details
- Loaded All Assemblies, in  1.005 seconds
Refreshing native plugins compatible for Editor in 4.81 ms, found 5 plugins.
Native extension for WindowsStandalone target not found
Native extension for WebGL target not found
[Package Manager] Failed to launch server process. Reason: Unity was launched with the -noUpm command-line argument
[Package Manager] Unable to send message (not connected to server process).
[Package Manager] Cannot connect to Unity Package Manager local server
[Package Manager] Failed to launch server process. Reason: Unity was launched with the -noUpm command-line argument
[Package Manager] Unable to send message (not connected to server process).
[Package Manager] Cannot connect to Unity Package Manager local server
ScheduleIndexationOnStartup MainProcess:False IndexOnStartup:True
Mono: successfully reloaded assembly
- Finished resetting the current domain, in  0.849 seconds
Domain Reload Profiling: 1846ms
	BeginReloadAssembly (267ms)
		ExecutionOrderSort (0ms)
		DisableScriptedObjects (14ms)
		BackupInstance (0ms)
		ReleaseScriptingObjects (0ms)
		CreateAndSetChildDomain (56ms)
	RebuildCommonClasses (44ms)
	RebuildNativeTypeToScriptingClass (16ms)
	initialDomainReloadingComplete (39ms)
	LoadAllAssembliesAndSetupDomain (630ms)
		LoadAssemblies (512ms)
		RebuildTransferFunctionScriptingTraits (0ms)
		AnalyzeDomain (248ms)
			TypeCache.Refresh (12ms)
				TypeCache.ScanAssembly (1ms)
			BuildScriptInfoCaches (220ms)
			ResolveRequiredComponents (8ms)
	FinalizeReload (850ms)
		ReleaseScriptCaches (0ms)
		RebuildScriptCaches (0ms)
		SetupLoadedEditorAssemblies (669ms)
			LogAssemblyErrors (0ms)
			InitializePlatformSupportModulesInManaged (3ms)
			SetLoadedEditorAssemblies (7ms)
			BeforeProcessingInitializeOnLoad (193ms)
			ProcessInitializeOnLoadAttributes (374ms)
			ProcessInitializeOnLoadMethodAttributes (80ms)
			AfterProcessingInitializeOnLoad (12ms)
			EditorAssembliesLoaded (0ms)
		ExecutionOrderSort2 (0ms)
		AwakeInstancesAfterBackupRestoration (18ms)
Refreshing native plugins compatible for Editor in 4.01 ms, found 5 plugins.
Preloading 0 native plugins for Editor in 0.00 ms.
Unloading 35 Unused Serialized files (Serialized files now loaded: 0)
Unloading 7429 unused Assets / (6.9 MB). Loaded Objects now: 8251.
Memory consumption went from 177.4 MB to 170.5 MB.
Total: 11.983800 ms (FindLiveObjects: 0.842400 ms CreateObjectMapping: 1.389700 ms MarkObjects: 5.977500 ms  DeleteObjects: 3.773300 ms)

Prepare: number of updated asset objects reloaded= 0
========================================================================
Received Import Request.
  Time since last request: 37.726507 seconds.
  path: Assets/Contents/Scene/Click.unity
  artifactKey: Guid(125fd5132031b7e48a375b93d4b5fdac) Importer(815301076,1909f56bfc062723c751e8b465ee728b)
Start importing Assets/Contents/Scene/Click.unity using Guid(125fd5132031b7e48a375b93d4b5fdac) Importer(815301076,1909f56bfc062723c751e8b465ee728b) (PreviewImporter) -> (artifact id: 'ece06c17f5f94be6337359a4c4484da1') in 0.002042 seconds
Number of updated asset objects reloaded before import = 0Number of asset objects unloaded after import = 0

========================================================================
Received Import Request.
  Time since last request: 28.961380 seconds.
  path: Assets/Contents/Scene/Base.unity
  artifactKey: Guid(daddcfc7d676c6a4787fbf42ce6819df) Importer(815301076,1909f56bfc062723c751e8b465ee728b)
Start importing Assets/Contents/Scene/Base.unity using Guid(daddcfc7d676c6a4787fbf42ce6819df) Importer(815301076,1909f56bfc062723c751e8b465ee728b) (PreviewImporter) -> (artifact id: 'ff50bedd1154973f88bcf1e86f109336') in 0.0007696 seconds
Number of updated asset objects reloaded before import = 0Number of asset objects unloaded after import = 0

========================================================================
Received Import Request.
  Time since last request: 17.468056 seconds.
  path: Assets/Contents/Scene/Base 1.unity
  artifactKey: Guid(d61f9808ebd17074e98e32a19ea50c01) Importer(815301076,1909f56bfc062723c751e8b465ee728b)
Start importing Assets/Contents/Scene/Base 1.unity using Guid(d61f9808ebd17074e98e32a19ea50c01) Importer(815301076,1909f56bfc062723c751e8b465ee728b) (PreviewImporter) -> (artifact id: 'a31aefb4d53eca43a69a51f79396dbd4') in 0.0008087 seconds
Number of updated asset objects reloaded before import = 0Number of asset objects unloaded after import = 0

========================================================================
Received Import Request.
  Time since last request: 6.930959 seconds.
  path: Assets/Contents/Scene/Hold.unity
  artifactKey: Guid(d61f9808ebd17074e98e32a19ea50c01) Importer(815301076,1909f56bfc062723c751e8b465ee728b)
Start importing Assets/Contents/Scene/Hold.unity using Guid(d61f9808ebd17074e98e32a19ea50c01) Importer(815301076,1909f56bfc062723c751e8b465ee728b) (PreviewImporter) -> (artifact id: 'e1e272104d13da3201febcd3f0f601b5') in 0.0007299 seconds
Number of updated asset objects reloaded before import = 0Number of asset objects unloaded after import = 0

========================================================================
Received Import Request.
  Time since last request: 8.199020 seconds.
  path: Assets/Contents/Scene/Base.unity
  artifactKey: Guid(daddcfc7d676c6a4787fbf42ce6819df) Importer(815301076,1909f56bfc062723c751e8b465ee728b)
Start importing Assets/Contents/Scene/Base.unity using Guid(daddcfc7d676c6a4787fbf42ce6819df) Importer(815301076,1909f56bfc062723c751e8b465ee728b) (PreviewImporter) -> (artifact id: '3f05b6e7136349e56c2f214215cf4379') in 0.0006671 seconds
Number of updated asset objects reloaded before import = 0Number of asset objects unloaded after import = 0

========================================================================
Received Import Request.
  Time since last request: 208.375998 seconds.
  path: Assets/Contents/Scene/Base 1.unity
  artifactKey: Guid(bed25d658c27ff9459ce0822d3e056da) Importer(815301076,1909f56bfc062723c751e8b465ee728b)
Start importing Assets/Contents/Scene/Base 1.unity using Guid(bed25d658c27ff9459ce0822d3e056da) Importer(815301076,1909f56bfc062723c751e8b465ee728b) (PreviewImporter) -> (artifact id: '945f618f070bd76545c7dfd308ac5191') in 0.0010996 seconds
Number of updated asset objects reloaded before import = 0Number of asset objects unloaded after import = 0

========================================================================
Received Import Request.
  Time since last request: 4.347094 seconds.
  path: Assets/Contents/Scene/Tab.unity
  artifactKey: Guid(bed25d658c27ff9459ce0822d3e056da) Importer(815301076,1909f56bfc062723c751e8b465ee728b)
Start importing Assets/Contents/Scene/Tab.unity using Guid(bed25d658c27ff9459ce0822d3e056da) Importer(815301076,1909f56bfc062723c751e8b465ee728b) (PreviewImporter) -> (artifact id: '10a863d6380972290b759fbde5370765') in 0.0008346 seconds
Number of updated asset objects reloaded before import = 0Number of asset objects unloaded after import = 0

========================================================================
Received Import Request.
  Time since last request: 15.988755 seconds.
  path: Assets/Contents/Scene/Tap.unity
  artifactKey: Guid(bed25d658c27ff9459ce0822d3e056da) Importer(815301076,1909f56bfc062723c751e8b465ee728b)
Start importing Assets/Contents/Scene/Tap.unity using Guid(bed25d658c27ff9459ce0822d3e056da) Importer(815301076,1909f56bfc062723c751e8b465ee728b) (PreviewImporter) -> (artifact id: 'a706c048785e9dd5c68b0af5ff90c12f') in 0.0008234 seconds
Number of updated asset objects reloaded before import = 0Number of asset objects unloaded after import = 0

========================================================================
Received Import Request.
  Time since last request: 5.673395 seconds.
  path: Assets/Contents/Scene/Base.unity
  artifactKey: Guid(daddcfc7d676c6a4787fbf42ce6819df) Importer(2089858483,b0f066a214c2f5e87bad3c948f4d605d)
Start importing Assets/Contents/Scene/Base.unity using Guid(daddcfc7d676c6a4787fbf42ce6819df) Importer(2089858483,b0f066a214c2f5e87bad3c948f4d605d) (ScriptedImporter) -> (artifact id: '85e291f597e37ec659123c425c5c7f49') in 0.0618858 seconds
Number of updated asset objects reloaded before import = 0Number of asset objects unloaded after import = 1

========================================================================
Received Prepare
Refreshing native plugins compatible for Editor in 4.24 ms, found 5 plugins.
Preloading 0 native plugins for Editor in 0.00 ms.
Unloading 35 Unused Serialized files (Serialized files now loaded: 0)
Unloading 7415 unused Assets / (6.9 MB). Loaded Objects now: 8252.
Memory consumption went from 177.5 MB to 170.6 MB.
Total: 13.576200 ms (FindLiveObjects: 1.096900 ms CreateObjectMapping: 1.416400 ms MarkObjects: 6.891900 ms  DeleteObjects: 4.170000 ms)

Prepare: number of updated asset objects reloaded= 0
========================================================================
Received Import Request.
  Time since last request: 10.095501 seconds.
  path: Assets/Contents/Script/TapMover.cs
  artifactKey: Guid(58f907a8f2ee4a644b7e92bd69cec0e2) Importer(2089858483,b0f066a214c2f5e87bad3c948f4d605d)
Start importing Assets/Contents/Script/TapMover.cs using Guid(58f907a8f2ee4a644b7e92bd69cec0e2) Importer(2089858483,b0f066a214c2f5e87bad3c948f4d605d) (ScriptedImporter) -> (artifact id: '7918bb706990fd75b7855193cef7f997') in 0.027022 seconds
Number of updated asset objects reloaded before import = 0Number of asset objects unloaded after import = 0

========================================================================
Received Prepare
Begin MonoManager ReloadAssembly
[Licensing::Client] Successfully resolved entitlement details
- Loaded All Assemblies, in  1.023 seconds
Refreshing native plugins compatible for Editor in 3.91 ms, found 5 plugins.
Native extension for WindowsStandalone target not found
Native extension for WebGL target not found
[Package Manager] Failed to launch server process. Reason: Unity was launched with the -noUpm command-line argument
[Package Manager] Unable to send message (not connected to server process).
[Package Manager] Cannot connect to Unity Package Manager local server
[Package Manager] Failed to launch server process. Reason: Unity was launched with the -noUpm command-line argument
[Package Manager] Unable to send message (not connected to server process).
[Package Manager] Cannot connect to Unity Package Manager local server
ScheduleIndexationOnStartup MainProcess:False IndexOnStartup:True
Mono: successfully reloaded assembly
- Finished resetting the current domain, in  0.857 seconds
Domain Reload Profiling: 1871ms
	BeginReloadAssembly (278ms)
		ExecutionOrderSort (0ms)
		DisableScriptedObjects (15ms)
		BackupInstance (0ms)
		ReleaseScriptingObjects (0ms)
		CreateAndSetChildDomain (55ms)
	RebuildCommonClasses (41ms)
	RebuildNativeTypeToScriptingClass (15ms)
	initialDomainReloadingComplete (44ms)
	LoadAllAssembliesAndSetupDomain (636ms)
		LoadAssemblies (517ms)
		RebuildTransferFunctionScriptingTraits (0ms)
		AnalyzeDomain (254ms)
			TypeCache.Refresh (11ms)
				TypeCache.ScanAssembly (1ms)
			BuildScriptInfoCaches (228ms)
			ResolveRequiredComponents (8ms)
	FinalizeReload (858ms)
		ReleaseScriptCaches (0ms)
		RebuildScriptCaches (0ms)
		SetupLoadedEditorAssemblies (667ms)
			LogAssemblyErrors (0ms)
			InitializePlatformSupportModulesInManaged (3ms)
			SetLoadedEditorAssemblies (5ms)
			BeforeProcessingInitializeOnLoad (197ms)
			ProcessInitializeOnLoadAttributes (362ms)
			ProcessInitializeOnLoadMethodAttributes (86ms)
			AfterProcessingInitializeOnLoad (13ms)
			EditorAssembliesLoaded (1ms)
		ExecutionOrderSort2 (0ms)
		AwakeInstancesAfterBackupRestoration (18ms)
Refreshing native plugins compatible for Editor in 6.21 ms, found 5 plugins.
Preloading 0 native plugins for Editor in 0.00 ms.
Unloading 35 Unused Serialized files (Serialized files now loaded: 0)
Unloading 7430 unused Assets / (7.4 MB). Loaded Objects now: 8255.
Memory consumption went from 177.4 MB to 170.0 MB.
Total: 13.616100 ms (FindLiveObjects: 1.069900 ms CreateObjectMapping: 1.760300 ms MarkObjects: 5.668900 ms  DeleteObjects: 5.115700 ms)

Prepare: number of updated asset objects reloaded= 0
========================================================================
Received Import Request.
  Time since last request: 7.848625 seconds.
  path: Assets/Contents/Script/TapMover.cs
  artifactKey: Guid(58f907a8f2ee4a644b7e92bd69cec0e2) Importer(815301076,1909f56bfc062723c751e8b465ee728b)
Start importing Assets/Contents/Script/TapMover.cs using Guid(58f907a8f2ee4a644b7e92bd69cec0e2) Importer(815301076,1909f56bfc062723c751e8b465ee728b) (PreviewImporter) -> (artifact id: 'c472f5755c32a13d826dc2113714f6b8') in 0.0017431 seconds
Number of updated asset objects reloaded before import = 0Number of asset objects unloaded after import = 0

========================================================================
Received Prepare
Refreshing native plugins compatible for Editor in 4.08 ms, found 5 plugins.
Preloading 0 native plugins for Editor in 0.00 ms.
Unloading 35 Unused Serialized files (Serialized files now loaded: 0)
Unloading 7415 unused Assets / (7.6 MB). Loaded Objects now: 8255.
Memory consumption went from 177.5 MB to 169.9 MB.
Total: 12.430800 ms (FindLiveObjects: 0.824800 ms CreateObjectMapping: 1.349500 ms MarkObjects: 5.200900 ms  DeleteObjects: 5.054700 ms)

Prepare: number of updated asset objects reloaded= 0
========================================================================
Received Prepare
Begin MonoManager ReloadAssembly
- Loaded All Assemblies, in  0.996 seconds
Refreshing native plugins compatible for Editor in 4.16 ms, found 5 plugins.
Native extension for WindowsStandalone target not found
Native extension for WebGL target not found
[Package Manager] Failed to launch server process. Reason: Unity was launched with the -noUpm command-line argument
[Package Manager] Unable to send message (not connected to server process).
[Package Manager] Cannot connect to Unity Package Manager local server
[Package Manager] Failed to launch server process. Reason: Unity was launched with the -noUpm command-line argument
[Package Manager] Unable to send message (not connected to server process).
[Package Manager] Cannot connect to Unity Package Manager local server
ScheduleIndexationOnStartup MainProcess:False IndexOnStartup:True
Mono: successfully reloaded assembly
- Finished resetting the current domain, in  0.825 seconds
Domain Reload Profiling: 1814ms
	BeginReloadAssembly (267ms)
		ExecutionOrderSort (0ms)
		DisableScriptedObjects (15ms)
		BackupInstance (0ms)
		ReleaseScriptingObjects (0ms)
		CreateAndSetChildDomain (53ms)
	RebuildCommonClasses (41ms)
	RebuildNativeTypeToScriptingClass (18ms)
	initialDomainReloadingComplete (40ms)
	LoadAllAssembliesAndSetupDomain (623ms)
		LoadAssemblies (505ms)
		RebuildTransferFunctionScriptingTraits (0ms)
		AnalyzeDomain (250ms)
			TypeCache.Refresh (12ms)
				TypeCache.ScanAssembly (1ms)
			BuildScriptInfoCaches (219ms)
			ResolveRequiredComponents (11ms)
	FinalizeReload (825ms)
		ReleaseScriptCaches (0ms)
		RebuildScriptCaches (0ms)
		SetupLoadedEditorAssemblies (657ms)
			LogAssemblyErrors (0ms)
			InitializePlatformSupportModulesInManaged (2ms)
			SetLoadedEditorAssemblies (6ms)
			BeforeProcessingInitializeOnLoad (190ms)
			ProcessInitializeOnLoadAttributes (364ms)
			ProcessInitializeOnLoadMethodAttributes (82ms)
			AfterProcessingInitializeOnLoad (12ms)
			EditorAssembliesLoaded (0ms)
		ExecutionOrderSort2 (0ms)
		AwakeInstancesAfterBackupRestoration (17ms)
Refreshing native plugins compatible for Editor in 3.95 ms, found 5 plugins.
Preloading 0 native plugins for Editor in 0.00 ms.
Unloading 35 Unused Serialized files (Serialized files now loaded: 0)
Unloading 7430 unused Assets / (7.1 MB). Loaded Objects now: 8258.
Memory consumption went from 180.3 MB to 173.1 MB.
Total: 10.831200 ms (FindLiveObjects: 0.851800 ms CreateObjectMapping: 1.218800 ms MarkObjects: 4.628300 ms  DeleteObjects: 4.131600 ms)

Prepare: number of updated asset objects reloaded= 0
========================================================================
Received Import Request.
  Time since last request: 43.935860 seconds.
  path: Assets/Contents/Script/TapMover.cs
  artifactKey: Guid(58f907a8f2ee4a644b7e92bd69cec0e2) Importer(2089858483,b0f066a214c2f5e87bad3c948f4d605d)
Start importing Assets/Contents/Script/TapMover.cs using Guid(58f907a8f2ee4a644b7e92bd69cec0e2) Importer(2089858483,b0f066a214c2f5e87bad3c948f4d605d) (ScriptedImporter) -> (artifact id: 'cb96e70a6ba73573fbff46b0bbf77ecf') in 0.0780208 seconds
Number of updated asset objects reloaded before import = 0Number of asset objects unloaded after import = 0

========================================================================
Received Prepare
Refreshing native plugins compatible for Editor in 5.58 ms, found 5 plugins.
Preloading 0 native plugins for Editor in 0.00 ms.
Unloading 35 Unused Serialized files (Serialized files now loaded: 0)
Unloading 7416 unused Assets / (6.6 MB). Loaded Objects now: 8259.
Memory consumption went from 177.6 MB to 171.0 MB.
Total: 10.838300 ms (FindLiveObjects: 0.884900 ms CreateObjectMapping: 1.354800 ms MarkObjects: 5.048800 ms  DeleteObjects: 3.549300 ms)

Prepare: number of updated asset objects reloaded= 0
========================================================================
Received Import Request.
  Time since last request: 2.223112 seconds.
  path: Assets/Contents/Script/SwipeMover.cs
  artifactKey: Guid(ded5142402e43934eb2410bdf8deb045) Importer(2089858483,b0f066a214c2f5e87bad3c948f4d605d)
Start importing Assets/Contents/Script/SwipeMover.cs using Guid(ded5142402e43934eb2410bdf8deb045) Importer(2089858483,b0f066a214c2f5e87bad3c948f4d605d) (ScriptedImporter) -> (artifact id: '8e3e75f37b2a89fc831d1fe90dfcc698') in 0.0080169 seconds
Number of updated asset objects reloaded before import = 0Number of asset objects unloaded after import = 0

========================================================================
Received Prepare
Refreshing native plugins compatible for Editor in 4.52 ms, found 5 plugins.
Preloading 0 native plugins for Editor in 0.00 ms.
Unloading 35 Unused Serialized files (Serialized files now loaded: 0)
Unloading 7416 unused Assets / (6.5 MB). Loaded Objects now: 8259.
Memory consumption went from 177.6 MB to 171.1 MB.
Total: 12.400000 ms (FindLiveObjects: 0.989100 ms CreateObjectMapping: 1.605600 ms MarkObjects: 5.581300 ms  DeleteObjects: 4.222300 ms)

Prepare: number of updated asset objects reloaded= 0
========================================================================
Received Import Request.
  Time since last request: 11.168036 seconds.
  path: Assets/Contents/Script/SwipeMover.cs
  artifactKey: Guid(ded5142402e43934eb2410bdf8deb045) Importer(815301076,1909f56bfc062723c751e8b465ee728b)
Start importing Assets/Contents/Script/SwipeMover.cs using Guid(ded5142402e43934eb2410bdf8deb045) Importer(815301076,1909f56bfc062723c751e8b465ee728b) (PreviewImporter) -> (artifact id: '0511b8354b741424f89290ce6328ee4a') in 0.0006917 seconds
Number of updated asset objects reloaded before import = 0Number of asset objects unloaded after import = 0

========================================================================
Received Import Request.
  Time since last request: 0.615981 seconds.
  path: Assets/Contents/Script/SwipeMover.cs
  artifactKey: Guid(ded5142402e43934eb2410bdf8deb045) Importer(2089858483,b0f066a214c2f5e87bad3c948f4d605d)
Start importing Assets/Contents/Script/SwipeMover.cs using Guid(ded5142402e43934eb2410bdf8deb045) Importer(2089858483,b0f066a214c2f5e87bad3c948f4d605d) (ScriptedImporter) -> (artifact id: '72a6eb947039c97be6af7ce8e0e838ee') in 0.0066587 seconds
Number of updated asset objects reloaded before import = 0Number of asset objects unloaded after import = 0

========================================================================
Received Prepare
Begin MonoManager ReloadAssembly
[Licensing::Client] Successfully resolved entitlement details
- Loaded All Assemblies, in  1.015 seconds
Refreshing native plugins compatible for Editor in 4.19 ms, found 5 plugins.
Native extension for WindowsStandalone target not found
Native extension for WebGL target not found
[Package Manager] Failed to launch server process. Reason: Unity was launched with the -noUpm command-line argument
[Package Manager] Unable to send message (not connected to server process).
[Package Manager] Cannot connect to Unity Package Manager local server
[Package Manager] Failed to launch server process. Reason: Unity was launched with the -noUpm command-line argument
[Package Manager] Unable to send message (not connected to server process).
[Package Manager] Cannot connect to Unity Package Manager local server
ScheduleIndexationOnStartup MainProcess:False IndexOnStartup:True
Mono: successfully reloaded assembly
- Finished resetting the current domain, in  0.790 seconds
Domain Reload Profiling: 1796ms
	BeginReloadAssembly (290ms)
		ExecutionOrderSort (0ms)
		DisableScriptedObjects (21ms)
		BackupInstance (0ms)
		ReleaseScriptingObjects (0ms)
		CreateAndSetChildDomain (51ms)
	RebuildCommonClasses (39ms)
	RebuildNativeTypeToScriptingClass (15ms)
	initialDomainReloadingComplete (42ms)
	LoadAllAssembliesAndSetupDomain (620ms)
		LoadAssemblies (527ms)
		RebuildTransferFunctionScriptingTraits (0ms)
		AnalyzeDomain (244ms)
			TypeCache.Refresh (11ms)
				TypeCache.ScanAssembly (1ms)
			BuildScriptInfoCaches (218ms)
			ResolveRequiredComponents (8ms)
	FinalizeReload (791ms)
		ReleaseScriptCaches (0ms)
		RebuildScriptCaches (0ms)
		SetupLoadedEditorAssemblies (623ms)
			LogAssemblyErrors (0ms)
			InitializePlatformSupportModulesInManaged (2ms)
			SetLoadedEditorAssemblies (6ms)
			BeforeProcessingInitializeOnLoad (183ms)
			ProcessInitializeOnLoadAttributes (342ms)
			ProcessInitializeOnLoadMethodAttributes (78ms)
			AfterProcessingInitializeOnLoad (12ms)
			EditorAssembliesLoaded (0ms)
		ExecutionOrderSort2 (0ms)
		AwakeInstancesAfterBackupRestoration (16ms)
Refreshing native plugins compatible for Editor in 3.93 ms, found 5 plugins.
Preloading 0 native plugins for Editor in 0.00 ms.
Unloading 35 Unused Serialized files (Serialized files now loaded: 0)
Unloading 7431 unused Assets / (6.7 MB). Loaded Objects now: 8262.
Memory consumption went from 177.6 MB to 170.8 MB.
Total: 10.598300 ms (FindLiveObjects: 0.825700 ms CreateObjectMapping: 1.283100 ms MarkObjects: 4.847900 ms  DeleteObjects: 3.640700 ms)

Prepare: number of updated asset objects reloaded= 0
========================================================================
Received Import Request.
  Time since last request: 7.793288 seconds.
  path: Assets/Contents/Script/SwipeMover.cs
  artifactKey: Guid(ded5142402e43934eb2410bdf8deb045) Importer(815301076,1909f56bfc062723c751e8b465ee728b)
Start importing Assets/Contents/Script/SwipeMover.cs using Guid(ded5142402e43934eb2410bdf8deb045) Importer(815301076,1909f56bfc062723c751e8b465ee728b) (PreviewImporter) -> (artifact id: '65709610e43cbb829349d568eecc0b19') in 0.0020873 seconds
Number of updated asset objects reloaded before import = 0Number of asset objects unloaded after import = 0

========================================================================
Received Import Request.
  Time since last request: 256.099343 seconds.
  path: Assets/Contents/Scene/Hold.unity
  artifactKey: Guid(d61f9808ebd17074e98e32a19ea50c01) Importer(815301076,1909f56bfc062723c751e8b465ee728b)
Start importing Assets/Contents/Scene/Hold.unity using Guid(d61f9808ebd17074e98e32a19ea50c01) Importer(815301076,1909f56bfc062723c751e8b465ee728b) (PreviewImporter) -> (artifact id: 'ed42e892595eca3f3314e6592b92e02b') in 0.0009671 seconds
Number of updated asset objects reloaded before import = 0Number of asset objects unloaded after import = 0

========================================================================
Received Import Request.
  Time since last request: 459.858712 seconds.
  path: Assets/Contents/Image/Bear_Breeder.png
  artifactKey: Guid(cd62fce6d0008454494dab322520f38d) Importer(815301076,1909f56bfc062723c751e8b465ee728b)
Start importing Assets/Contents/Image/Bear_Breeder.png using Guid(cd62fce6d0008454494dab322520f38d) Importer(815301076,1909f56bfc062723c751e8b465ee728b) (PreviewImporter) -> (artifact id: '5b447c27a5a6e36965d0ae8629ebcaa7') in 0.1588747 seconds
Number of updated asset objects reloaded before import = 0Number of asset objects unloaded after import = 10

========================================================================
Received Import Request.
  Time since last request: 6.096913 seconds.
  path: Assets/Contents/Image/Bear_Breeder.png
  artifactKey: Guid(cd62fce6d0008454494dab322520f38d) Importer(815301076,1909f56bfc062723c751e8b465ee728b)
Start importing Assets/Contents/Image/Bear_Breeder.png using Guid(cd62fce6d0008454494dab322520f38d) Importer(815301076,1909f56bfc062723c751e8b465ee728b) (PreviewImporter) -> (artifact id: '674492a69a6595cf677494a18f928d4a') in 0.0864057 seconds
Number of updated asset objects reloaded before import = 0Number of asset objects unloaded after import = 10

========================================================================
Received Import Request.
  Time since last request: 76.049286 seconds.
  path: Assets/Contents/Image/B15_Circus.jpg
  artifactKey: Guid(cee9aa58e146b59428572bf296769c19) Importer(815301076,1909f56bfc062723c751e8b465ee728b)
Start importing Assets/Contents/Image/B15_Circus.jpg using Guid(cee9aa58e146b59428572bf296769c19) Importer(815301076,1909f56bfc062723c751e8b465ee728b) (PreviewImporter) -> (artifact id: 'fb417d42aadf9b431ccae6dad11ebcb3') in 0.0200108 seconds
Number of updated asset objects reloaded before import = 0Number of asset objects unloaded after import = 3

========================================================================
Received Import Request.
  Time since last request: 122.042595 seconds.
  path: Assets/Contents/Scene/Tap.unity
  artifactKey: Guid(bed25d658c27ff9459ce0822d3e056da) Importer(815301076,1909f56bfc062723c751e8b465ee728b)
Start importing Assets/Contents/Scene/Tap.unity using Guid(bed25d658c27ff9459ce0822d3e056da) Importer(815301076,1909f56bfc062723c751e8b465ee728b) (PreviewImporter) -> (artifact id: '6b24ebb2754193411fffb5327edc0475') in 0.0008617 seconds
Number of updated asset objects reloaded before import = 0Number of asset objects unloaded after import = 0

========================================================================
Received Import Request.
  Time since last request: 6.100052 seconds.
  path: Assets/Contents/Scene/Base.unity
  artifactKey: Guid(daddcfc7d676c6a4787fbf42ce6819df) Importer(815301076,1909f56bfc062723c751e8b465ee728b)
Start importing Assets/Contents/Scene/Base.unity using Guid(daddcfc7d676c6a4787fbf42ce6819df) Importer(815301076,1909f56bfc062723c751e8b465ee728b) (PreviewImporter) -> (artifact id: 'afa7c8ddfca0da4a77c43ba29a75c177') in 0.0008493 seconds
Number of updated asset objects reloaded before import = 0Number of asset objects unloaded after import = 0

========================================================================
Received Import Request.
  Time since last request: 144.513052 seconds.
  path: Assets/Contents/Scene/Click.unity
  artifactKey: Guid(125fd5132031b7e48a375b93d4b5fdac) Importer(815301076,1909f56bfc062723c751e8b465ee728b)
Start importing Assets/Contents/Scene/Click.unity using Guid(125fd5132031b7e48a375b93d4b5fdac) Importer(815301076,1909f56bfc062723c751e8b465ee728b) (PreviewImporter) -> (artifact id: '6f4e1a5a396850806a63c3838e76b8c2') in 0.0007198 seconds
Number of updated asset objects reloaded before import = 0Number of asset objects unloaded after import = 0

========================================================================
Received Import Request.
  Time since last request: 1.132014 seconds.
  path: Assets/Contents/Scene/Hold.unity
  artifactKey: Guid(d61f9808ebd17074e98e32a19ea50c01) Importer(815301076,1909f56bfc062723c751e8b465ee728b)
Start importing Assets/Contents/Scene/Hold.unity using Guid(d61f9808ebd17074e98e32a19ea50c01) Importer(815301076,1909f56bfc062723c751e8b465ee728b) (PreviewImporter) -> (artifact id: '91ac53150875a2fc20736e9342565691') in 0.0008069 seconds
Number of updated asset objects reloaded before import = 0Number of asset objects unloaded after import = 0

========================================================================
Received Import Request.
  Time since last request: 2.347828 seconds.
  path: Assets/Contents/Scene/Base.unity
  artifactKey: Guid(daddcfc7d676c6a4787fbf42ce6819df) Importer(815301076,1909f56bfc062723c751e8b465ee728b)
Start importing Assets/Contents/Scene/Base.unity using Guid(daddcfc7d676c6a4787fbf42ce6819df) Importer(815301076,1909f56bfc062723c751e8b465ee728b) (PreviewImporter) -> (artifact id: '7fa35cd168fae8b0f233d171f22f3ebb') in 0.0007465 seconds
Number of updated asset objects reloaded before import = 0Number of asset objects unloaded after import = 0

========================================================================
Received Import Request.
  Time since last request: 133.483797 seconds.
  path: Assets/Contents/Scene/Tap 1.unity
  artifactKey: Guid(aceeaa14ce88d0745bb19cb2b7a5b9ad) Importer(815301076,1909f56bfc062723c751e8b465ee728b)
Start importing Assets/Contents/Scene/Tap 1.unity using Guid(aceeaa14ce88d0745bb19cb2b7a5b9ad) Importer(815301076,1909f56bfc062723c751e8b465ee728b) (PreviewImporter) -> (artifact id: '05f7ab3b649d9958e5f9c91bd214f663') in 0.0010117 seconds
Number of updated asset objects reloaded before import = 0Number of asset objects unloaded after import = 0

========================================================================
Received Import Request.
  Time since last request: 4.856824 seconds.
  path: Assets/Contents/Scene/Swipe.unity
  artifactKey: Guid(aceeaa14ce88d0745bb19cb2b7a5b9ad) Importer(815301076,1909f56bfc062723c751e8b465ee728b)
Start importing Assets/Contents/Scene/Swipe.unity using Guid(aceeaa14ce88d0745bb19cb2b7a5b9ad) Importer(815301076,1909f56bfc062723c751e8b465ee728b) (PreviewImporter) -> (artifact id: 'ed160c2c3dc3888b40c23f192cc6f558') in 0.0006634 seconds
Number of updated asset objects reloaded before import = 0Number of asset objects unloaded after import = 0

========================================================================
Received Import Request.
  Time since last request: 78.892683 seconds.
  path: Assets/Contents/Scene/Base 1.unity
  artifactKey: Guid(0495b67d8a5fe8d40b20f3f8ec7c7fe6) Importer(815301076,1909f56bfc062723c751e8b465ee728b)
Start importing Assets/Contents/Scene/Base 1.unity using Guid(0495b67d8a5fe8d40b20f3f8ec7c7fe6) Importer(815301076,1909f56bfc062723c751e8b465ee728b) (PreviewImporter) -> (artifact id: 'b60dd170f8a159bc0d8873c5c912345d') in 0.0006542 seconds
Number of updated asset objects reloaded before import = 0Number of asset objects unloaded after import = 0

========================================================================
Received Import Request.
  Time since last request: 4.405146 seconds.
  path: Assets/Contents/Scene/Stick.unity
  artifactKey: Guid(0495b67d8a5fe8d40b20f3f8ec7c7fe6) Importer(815301076,1909f56bfc062723c751e8b465ee728b)
Start importing Assets/Contents/Scene/Stick.unity using Guid(0495b67d8a5fe8d40b20f3f8ec7c7fe6) Importer(815301076,1909f56bfc062723c751e8b465ee728b) (PreviewImporter) -> (artifact id: 'a29b7b5b18c1c61cae77411f4d34750f') in 0.0006528 seconds
Number of updated asset objects reloaded before import = 0Number of asset objects unloaded after import = 0

========================================================================
Received Import Request.
  Time since last request: 215.672709 seconds.
  path: Assets/Contents/Scene/Hold.unity
  artifactKey: Guid(d61f9808ebd17074e98e32a19ea50c01) Importer(2089858483,b0f066a214c2f5e87bad3c948f4d605d)
Start importing Assets/Contents/Scene/Hold.unity using Guid(d61f9808ebd17074e98e32a19ea50c01) Importer(2089858483,b0f066a214c2f5e87bad3c948f4d605d) (ScriptedImporter) -> (artifact id: 'be8f5e82409a0a749154c71034ee7ba8') in 0.0658866 seconds
Number of updated asset objects reloaded before import = 0Number of asset objects unloaded after import = 1

========================================================================
Received Import Request.
  Time since last request: 0.000025 seconds.
  path: Assets/Contents/Scene/Swipe.unity
  artifactKey: Guid(aceeaa14ce88d0745bb19cb2b7a5b9ad) Importer(2089858483,b0f066a214c2f5e87bad3c948f4d605d)
Start importing Assets/Contents/Scene/Swipe.unity using Guid(aceeaa14ce88d0745bb19cb2b7a5b9ad) Importer(2089858483,b0f066a214c2f5e87bad3c948f4d605d) (ScriptedImporter) -> (artifact id: '3cc8d77782dbe4b204214fb401467e5e') in 0.007692 seconds
Number of updated asset objects reloaded before import = 0Number of asset objects unloaded after import = 1

========================================================================
Received Import Request.
  Time since last request: 0.000022 seconds.
  path: Assets/Contents/Scene/Click.unity
  artifactKey: Guid(125fd5132031b7e48a375b93d4b5fdac) Importer(2089858483,b0f066a214c2f5e87bad3c948f4d605d)
Start importing Assets/Contents/Scene/Click.unity using Guid(125fd5132031b7e48a375b93d4b5fdac) Importer(2089858483,b0f066a214c2f5e87bad3c948f4d605d) (ScriptedImporter) -> (artifact id: '83c89ae3e87b2d70b8a9d84601343e57') in 0.0056181 seconds
Number of updated asset objects reloaded before import = 0Number of asset objects unloaded after import = 1

========================================================================
Received Import Request.
  Time since last request: 0.000036 seconds.
  path: Assets/Contents/Image/Player2.controller
  artifactKey: Guid(2d6a2f4a05af12d4cb507a614feb61ac) Importer(2089858483,b0f066a214c2f5e87bad3c948f4d605d)
Start importing Assets/Contents/Image/Player2.controller using Guid(2d6a2f4a05af12d4cb507a614feb61ac) Importer(2089858483,b0f066a214c2f5e87bad3c948f4d605d) (ScriptedImporter) -> (artifact id: '71801f4e2e205f06d252b9356c7b16cf') in 0.0231306 seconds
Number of updated asset objects reloaded before import = 0Number of asset objects unloaded after import = 4

========================================================================
Received Import Request.
  Time since last request: 0.000015 seconds.
  path: Assets/Contents/Scene/Base.unity
  artifactKey: Guid(daddcfc7d676c6a4787fbf42ce6819df) Importer(2089858483,b0f066a214c2f5e87bad3c948f4d605d)
Start importing Assets/Contents/Scene/Base.unity using Guid(daddcfc7d676c6a4787fbf42ce6819df) Importer(2089858483,b0f066a214c2f5e87bad3c948f4d605d) (ScriptedImporter) -> (artifact id: 'f757803b1259a975b22a3bfd1382fe8c') in 0.0050234 seconds
Number of updated asset objects reloaded before import = 0Number of asset objects unloaded after import = 1

========================================================================
Received Import Request.
  Time since last request: 0.000017 seconds.
  path: Assets/Contents/Image/B15_Circus.jpg
  artifactKey: Guid(cee9aa58e146b59428572bf296769c19) Importer(2089858483,b0f066a214c2f5e87bad3c948f4d605d)
Start importing Assets/Contents/Image/B15_Circus.jpg using Guid(cee9aa58e146b59428572bf296769c19) Importer(2089858483,b0f066a214c2f5e87bad3c948f4d605d) (ScriptedImporter) -> (artifact id: '05bd9da0d465259cfd05d3dc1d0b26fb') in 0.0621489 seconds
Number of updated asset objects reloaded before import = 0Number of asset objects unloaded after import = 3

========================================================================
Received Prepare
Refreshing native plugins compatible for Editor in 5.14 ms, found 5 plugins.
Preloading 0 native plugins for Editor in 0.00 ms.
Unloading 35 Unused Serialized files (Serialized files now loaded: 0)
Unloading 7417 unused Assets / (6.8 MB). Loaded Objects now: 8266.
Memory consumption went from 177.9 MB to 171.1 MB.
Total: 12.841900 ms (FindLiveObjects: 0.907900 ms CreateObjectMapping: 1.333400 ms MarkObjects: 6.391300 ms  DeleteObjects: 4.208500 ms)

Prepare: number of updated asset objects reloaded= 0
========================================================================
Received Import Request.
  Time since last request: 1.180951 seconds.
  path: Assets/Contents/Script/StickMover.cs
  artifactKey: Guid(cde02fc4b6377d14b80961ff20d7a9db) Importer(2089858483,b0f066a214c2f5e87bad3c948f4d605d)
Start importing Assets/Contents/Script/StickMover.cs using Guid(cde02fc4b6377d14b80961ff20d7a9db) Importer(2089858483,b0f066a214c2f5e87bad3c948f4d605d) (ScriptedImporter) -> (artifact id: 'b8914d58176cb343c33a5480b6f1ba5c') in 0.0071003 seconds
Number of updated asset objects reloaded before import = 0Number of asset objects unloaded after import = 0

========================================================================
Received Prepare
Refreshing native plugins compatible for Editor in 4.63 ms, found 5 plugins.
Preloading 0 native plugins for Editor in 0.00 ms.
Unloading 35 Unused Serialized files (Serialized files now loaded: 0)
Unloading 7417 unused Assets / (7.0 MB). Loaded Objects now: 8266.
Memory consumption went from 177.9 MB to 170.9 MB.
Total: 18.113100 ms (FindLiveObjects: 1.049200 ms CreateObjectMapping: 1.718100 ms MarkObjects: 8.324300 ms  DeleteObjects: 7.020300 ms)

Prepare: number of updated asset objects reloaded= 0
========================================================================
Received Prepare
Begin MonoManager ReloadAssembly
[Licensing::Client] Successfully resolved entitlement details
- Loaded All Assemblies, in  1.124 seconds
Refreshing native plugins compatible for Editor in 4.01 ms, found 5 plugins.
Native extension for WindowsStandalone target not found
Native extension for WebGL target not found
[Package Manager] Failed to launch server process. Reason: Unity was launched with the -noUpm command-line argument
[Package Manager] Unable to send message (not connected to server process).
[Package Manager] Cannot connect to Unity Package Manager local server
[Package Manager] Failed to launch server process. Reason: Unity was launched with the -noUpm command-line argument
[Package Manager] Unable to send message (not connected to server process).
[Package Manager] Cannot connect to Unity Package Manager local server
ScheduleIndexationOnStartup MainProcess:False IndexOnStartup:True
Mono: successfully reloaded assembly
- Finished resetting the current domain, in  0.922 seconds
Domain Reload Profiling: 2035ms
	BeginReloadAssembly (308ms)
		ExecutionOrderSort (0ms)
		DisableScriptedObjects (19ms)
		BackupInstance (0ms)
		ReleaseScriptingObjects (0ms)
		CreateAndSetChildDomain (62ms)
	RebuildCommonClasses (43ms)
	RebuildNativeTypeToScriptingClass (15ms)
	initialDomainReloadingComplete (42ms)
	LoadAllAssembliesAndSetupDomain (704ms)
		LoadAssemblies (572ms)
		RebuildTransferFunctionScriptingTraits (0ms)
		AnalyzeDomain (288ms)
			TypeCache.Refresh (14ms)
				TypeCache.ScanAssembly (1ms)
			BuildScriptInfoCaches (257ms)
			ResolveRequiredComponents (10ms)
	FinalizeReload (922ms)
		ReleaseScriptCaches (0ms)
		RebuildScriptCaches (0ms)
		SetupLoadedEditorAssemblies (742ms)
			LogAssemblyErrors (0ms)
			InitializePlatformSupportModulesInManaged (3ms)
			SetLoadedEditorAssemblies (7ms)
			BeforeProcessingInitializeOnLoad (206ms)
			ProcessInitializeOnLoadAttributes (422ms)
			ProcessInitializeOnLoadMethodAttributes (92ms)
			AfterProcessingInitializeOnLoad (12ms)
			EditorAssembliesLoaded (0ms)
		ExecutionOrderSort2 (0ms)
		AwakeInstancesAfterBackupRestoration (17ms)
Refreshing native plugins compatible for Editor in 4.34 ms, found 5 plugins.
Preloading 0 native plugins for Editor in 0.00 ms.
Unloading 35 Unused Serialized files (Serialized files now loaded: 0)
Unloading 7432 unused Assets / (6.8 MB). Loaded Objects now: 8268.
Memory consumption went from 180.5 MB to 173.7 MB.
Total: 11.196000 ms (FindLiveObjects: 0.980300 ms CreateObjectMapping: 1.356800 ms MarkObjects: 5.101200 ms  DeleteObjects: 3.756900 ms)

Prepare: number of updated asset objects reloaded= 0
Editor requested this worker to shutdown with reason: Scaling down because of idle timeout
AssetImportWorker is now disconnected from the server
Process exiting
Exiting without the bug reporter. Application will terminate with return code 0